AAAAAAAAAAAAAAAABBBBBBBBBBBBBBBCCCCCCCCCCCCCCCCCCCCCCCCCCCCCCCCCCCCDDDDDDDDDEGFFEEEEDDDDDDCCCCCCCCCBBBBBBBBBBBBBBBBBBBBBBBBBBBBBB
AAAAAAAAAAAAAAABBBBBBBBBBBBBCCCCCCCCCCCCCCCCCCCCCCCCCCCCCCCCCCCDDDDDDDDDDEEEFGIIGFFEEEDDDDDDDDCCCCCCCCCBBBBBBBBBBBBBBBBBBBBBBBBBB
AAAAAAAAAAAAABBBBBBBBBBBBCCCCCCCCCCCCCCCCCCCCCCCCCCCCCCCCCCDDDDDDDDDDDDEEEEFFFI KHGGGHGEDDDDDDDDDCCCCCCCCCBBBBBBBBBBBBBBBBBBBBBBB
AAAAAAAAAAAABBBBBBBBBBCCCCCCCCCCCCCCCCCCCCCCCCCCCCCCCCCCDDDDDDDDDDDDDDEEEEEFFGHIMTKLZOGFEEDDDDDDDDDCCCCCCCCCBBBBBBBBBBBBBBBBBBBBB
AAAAAAAAAAABBBBBBBBBCCCCCCCCCCCCCCCCCCCCCCCCCCCCCCCCCCDDDDDDDDDDDDDDEEEEEEFGGHHIKPPKIHGFFEEEDDDDDDDDDCCCCCCCCCCBBBBBBBBBBBBBBBBBB
AAAAAAAAAABBBBBBBBCCCCCCCCCCCCCCCCCCCCCCCCCCCCCCCCCDDDDDDDDDDDDDDDEEEEEEFFGHIJKS  X KHHGFEEEEEDDDDDDDDDCCCCCCCCCCBBBBBBBBBBBBBBBB
AAAAAAAAABBBBBBBCCCCCCCCCCCCCCCCCCCCCCCCCCCCCCCCCDDDDDDDDDDDDDDDEEEEEEFFGQPUVOTY   ZQL[MHFEEEEEEEDDDDDDDCCCCCCCCCCCBBBBBBBBBBBBBB
AAAAAAAABBBBBBCCCCCCCCCCCCCCCCCCCCCCCCCCCCCCCCDDDDDDDDDDDDDDDEEEEEFFFFFGGHJLZ         UKHGFFEEEEEEEEDDDDDCCCCCCCCCCCCBBBBBBBBBBBB
AAAAAAABBBBBCCCCCCCCCCCCCCCCCCCCCCCCCCCCCCCCDDDDDDDDDDDDDDEEEEFFFFFFGGGGHIKP           KHHGGFFFFEEEEEEDDDDDCCCCCCCCCCCBBBBBBBBBBB
AAAAAAABBBBCCCCCCCCCCCCCCCCCCCCCCCCCCCCCCCDDDDDDDDDDDDEEEEEFGGHIIHHHHHIIIJKMR        VMKJIHHHGFFFFFFGSGEDDDDCCCCCCCCCCCCBBBBBBBBB
AAAAAABBBCCCCCCCCCCCCCCCCCCCCCCCCCCCCCCDDDDDDDDDDDEEEEEEFFGHK   MKJIJO  N R  X      YUSR PLV LHHHGGHIOJGFEDDDCCCCCCCCCCCCBBBBBBBB
AAAAABBBCCCCCCCCCCCCCCCCCCCCCCCCCCCCCDDDDDDDDEEEEEEEEEFFFFGH O    TN S                       NKJKR LLQMNHEEDDDCCCCCCCCCCCCBBBBBBB
AAAAABBCCCCCCCCCCCCCCCCCCCCCCCCCCCDDDDDDEEEEEEEEEEEEFFFFFGHHIN                                 Q     UMWGEEEDDDCCCCCCCCCCCCBBBBBB
AAAABBCCCCCCCCCCCCCCCCCCCCCCCCCDDDDEEEEEEEEEEEEEEEFFFFFFGHIJKLOT                                     [JGFFEEEDDCCCCCCCCCCCCCBBBBB
AAAABCCCCCCCCCCCCCCCCCCCCCCDDDDEEEEEEEEEEEEEEEEFFFFFFGGHYV RQU                                     QMJHGGFEEEDDDCCCCCCCCCCCCCBBBB
AAABCCCCCCCCCCCCCCCCCDDDDDDDEEFJIHFFFFFFFFFFFFFFGGGGGGHIJN                                            JHHGFEEDDDDCCCCCCCCCCCCCBBB
AAABCCCCCCCCCCCDDDDDDDDDDEEEEFFHLKHHGGGGHHMJHGGGGGGHHHIKRR                                           UQ L HFEDDDDCCCCCCCCCCCCCCBB
AABCCCCCCCCDDDDDDDDDDDEEEEEEFFFHKQMRKNJIJLVS JJKIIIIIIJLR                                               YNHFEDDDDDCCCCCCCCCCCCCBB
AABCCCCCDDDDDDDDDDDDEEEEEEEFFGGHIJKOU  O O   PR LLJJJKL                                                OIHFFEDDDDDCCCCCCCCCCCCCCB
AACCCDDDDDDDDDDDDDEEEEEEEEEFGGGHIJMR              RMLMN                                                 NTFEEDDDDDDCCCCCCCCCCCCCB
AACCDDDDDDDDDDDDEEEEEEEEEFGGGHHKONSZ                QPR                                                NJGFEEDDDDDDCCCCCCCCCCCCCC
ABCDDDDDDDDDDDEEEEEFFFFFGIPJIIJKMQ                   VX                                                 HFFEEDDDDDDCCCCCCCCCCCCCC
ACDDDDDDDDDDEFFFFFFFGGGGHIKZOOPPS                                                                      HGFEEEDDDDDDCCCCCCCCCCCCCC
ADEEEEFFFGHIGGGGGGHHHHIJJLNY                                                                        TJHGFFEEEDDDDDDDCCCCCCCCCCCCC
A                                                                                                 PLJHGGFFEEEDDDDDDDCCCCCCCCCCCCC
ADEEEEFFFGHIGGGGGGHHHHIJJLNY                                                                        TJHGFFEEEDDDDDDDCCCCCCCCCCCCC
ACDDDDDDDDDDEFFFFFFFGGGGHIKZOOPPS                                                                      HGFEEEDDDDDDCCCCCCCCCCCCCC
ABCDDDDDDDDDDDEEEEEFFFFFGIPJIIJKMQ                   VX                                                 HFFEEDDDDDDCCCCCCCCCCCCCC
AACCDDDDDDDDDDDDEEEEEEEEEFGGGHHKONSZ                QPR                                                NJGFEEDDDDDDCCCCCCCCCCCCCC
AACCCDDDDDDDDDDDDDEEEEEEEEEFGGGHIJMR              RMLMN                                                 NTFEEDDDDDDCCCCCCCCCCCCCB
AABCCCCCDDDDDDDDDDDDEEEEEEEFFGGHIJKOU  O O   PR LLJJJKL                                                OIHFFEDDDDDCCCCCCCCCCCCCCB
AABCCCCCCCCDDDDDDDDDDDEEEEEEFFFHKQMRKNJIJLVS JJKIIIIIIJLR                                               YNHFEDDDDDCCCCCCCCCCCCCBB
AAABCCCCCCCCCCCDDDDDDDDDDEEEEFFHLKHHGGGGHHMJHGGGGGGHHHIKRR                                           UQ L HFEDDDDCCCCCCCCCCCCCCBB
AAABCCCCCCCCCCCCCCCCCDDDDDDDEEFJIHFFFFFFFFFFFFFFGGGGGGHIJN                                            JHHGFEEDDDDCCCCCCCCCCCCCBBB
AAAABCCCCCCCCCCCCCCCCCCCCCCDDDDEEEEEEEEEEEEEEEEFFFFFFGGHYV RQU                                     QMJHGGFEEEDDDCCCCCCCCCCCCCBBBB
AAAABBCCCCCCCCCCCCCCCCCCCCCCCCCDDDDEEEEEEEEEEEEEEEFFFFFFGHIJKLOT                                     [JGFFEEEDDCCCCCCCCCCCCCBBBBB
AAAAABBCCCCCCCCCCCCCCCCCCCCCCCCCCCDDDDDDEEEEEEEEEEEEFFFFFGHHIN                                 Q     UMWGEEEDDDCCCCCCCCCCCCBBBBBB
AAAAABBBCCCCCCCCCCCCCCCCCCCCCCCCCCCCCDDDDDDDDEEEEEEEEEFFFFGH O    TN S                       NKJKR LLQMNHEEDDDCCCCCCCCCCCCBBBBBBB
AAAAAABBBCCCCCCCCCCCCCCCCCCCCCCCCCCCCCCDDDDDDDDDDDEEEEEEFFGHK   MKJIJO  N R  X      YUSR PLV LHHHGGHIOJGFEDDDCCCCCCCCCCCCBBBBBBBB
AAAAAAABBBBCCCCCCCCCCCCCCCCCCCCCCCCCCCCCCCDDDDDDDDDDDDEEEEEFGGHIIHHHHHIIIJKMR        VMKJIHHHGFFFFFFGSGEDDDDCCCCCCCCCCCCBBBBBBBBB
AAAAAAABBBBBCCCCCCCCCCCCCCCCCCCCCCCCCCCCCCCCDDDDDDDDDDDDDDEEEEFFFFFFGGGGHIKP           KHHGGFFFFEEEEEEDDDDDCCCCCCCCCCCBBBBBBBBBBB
AAAAAAAABBBBBBCCCCCCCCCCCCCCCCCCCCCCCCCCCCCCCCDDDDDDDDDDDDDDDEEEEEFFFFFGGHJLZ         UKHGFFEEEEEEEEDDDDDCCCCCCCCCCCCBBBBBBBBBBBB
AAAAAAAAABBBBBBBCCCCCCCCCCCCCCCCCCCCCCCCCCCCCCCCCDDDDDDDDDDDDDDDEEEEEEFFGQPUVOTY   ZQL[MHFEEEEEEEDDDDDDDCCCCCCCCCCCBBBBBBBBBBBBBB
AAAAAAAAAABBBBBBBBCCCCCCCCCCCCCCCCCCCCCCCCCCCCCCCCCDDDDDDDDDDDDDDDEEEEEEFFGHIJKS  X KHHGFEEEEEDDDDDDDDDCCCCCCCCCCBBBBBBBBBBBBBBBB
AAAAAAAAAAABBBBBBBBBCCCCCCCCCCCCCCCCCCCCCCCCCCCCCCCCCCDDDDDDDDDDDDDDEEEEEEFGGHHIKPPKIHGFFEEEDDDDDDDDDCCCCCCCCCCBBBBBBBBBBBBBBBBBB
AAAAAAAAAAAABBBBBBBBBBCCCCCCCCCCCCCCCCCCCCCCCCCCCCCCCCCCDDDDDDDDDDDDDDEEEEEFFGHIMTKLZOGFEEDDDDDDDDDCCCCCCCCCBBBBBBBBBBBBBBBBBBBBB
AAAAAAAAAAAAABBBBBBBBBBBBCCCCCCCCCCCCCCCCCCCCCCCCCCCCCCCCCCDDDDDDDDDDDDEEEEFFFI KHGGGHGEDDDDDDDDDCCCCCCCCCBBBBBBBBBBBBBBBBBBBBBBB
AAAAAAAAAAAAAAABBBBBBBBBBBBBCCCCCCCCCCCCCCCCCCCCCCCCCCCCCCCCCCCDDDDDDDDDDEEEFGIIGFFEEEDDDDDDDDCCCCCCCCCBBBBBBBBBBBBBBBBBBBBBBBBBB

DEBUG
0 0
1 0
2 0
3 0
4 0
5 0
6 0
7 0
8 0
9 0
10 0
11 0
12 0
13 0
14 0
15 0
16 0
17 0
18 0
19 0
20 0
21 0
22 0
23 0
24 0
25 0
26 0
27 0
28 0
29 0
30 0
31 0
32 0
33 0
34 0
35 0
36 0
37 0
38 0
39 0
40 0
41 0
42 0
43 0
44 0
45 0
46 0
47 0
48 0
49 0
50 0
51 0
52 0
53 0
54 0
55 0
56 0
57 0
58 0
59 0
60 0
61 0
62 0
63 0
64 0
65 0
66 0
67 1
68 0
69 1
70 0
71 0
72 0
73 0
74 0
75 2
76 0
77 0
78 0
79 4
80 0
81 0
82 0
83 0
84 1
85 2
86 0
87 0
88 0
89 0
90 0
91 0
92 1
93 1
94 62
95 2
96 0
97 1
98 1
99 0
100 1
101 1
102 0
103 1
104 1
105 2
106 65
107 1
108 2
109 0
110 0
111 4
112 0
113 0
114 2
115 0
116 2
117 10
118 2
119 6
120 0
121 0
122 0
123 7
124 3
125 3
126 18
127 0
128 3
129 6
130 2
131 1
132 17
133 1
134 2
135 61
136 3
137 87
138 23
139 7
140 6
141 1
142 1
143 1
144 0
145 4
146 3
147 7
148 5
149 2
150 5
151 0
152 1
153 5
154 1
155 3
156 7
157 2
158 2
159 1
160 1
161 6
162 5
163 0
164 4
165 1
166 2
167 3
168 0
169 4
170 0
171 0
172 0
173 0
174 8
175 9
176 12
177 0
178 4
179 0
180 0
181 1
182 18
183 1
184 2
185 78
186 3
187 103
188 27
189 6
190 5
191 1
192 0
193 1
194 0
195 2
196 1
197 6
198 1
199 4
200 7
201 0
202 0
203 5
204 1
205 3
206 2
207 3
208 3
209 0
210 0
211 13
212 1
213 1
214 0
215 5
216 0
217 0
218 1
219 62
220 4
221 2
222 49
223 5
224 1
225 0
226 0
227 0
228 0
229 0
230 1
231 0
232 2
233 0
234 0
235 0
236 2
237 0
238 0
239 0
240 1
241 0
242 0
243 0
244 0
245 0
246 0
247 0
248 0
249 0
250 0
251 1
252 1
253 0
254 0
255 0
256 0
257 0
258 0
259 0
260 0
261 0
262 0
263 0
264 0
265 0
266 0
267 1
268 0
269 1
270 0
271 1
272 0
273 0
274 0
275 0
276 7
277 0
278 0
279 0
280 2
281 3
282 0
283 0
284 0
285 1
286 0
287 0
288 0
289 0
290 0
291 0
292 1
293 0
294 1
295 1
296 2
297 0
298 1
299 3
300 1
301 0
302 0
303 0
304 0
305 0
306 1
307 13
308 14
309 12
310 6
311 0
312 23
313 2
314 7
315 8
316 9
317 23
318 0
319 7
320 5
321 2
322 21
323 4
324 33
325 7
326 9
327 1
328 23
329 1
330 2
331 8
332 471
333 21
334 10
335 2
336 8
337 6
338 7
339 6
340 8
341 9
342 9
343 3
344 518
345 11
346 24
347 2
348 0
349 62
350 9
351 1
352 52
353 1
354 9
355 58
356 25
357 58
358 5
359 2
360 1
361 45
362 82
363 43
364 195
365 0
366 48
367 54
368 10
369 8
370 139
371 4
372 14
373 613
374 20
375 750
376 238
377 57
378 40
379 18
380 9
381 15
382 0
383 33
384 22
385 40
386 29
387 24
388 76
389 0
390 18
391 70
392 21
393 45
394 81
395 12
396 12
397 18
398 2
399 24
400 12
401 65
402 0
403 11
404 4
405 0
406 40
407 3
408 40
409 24
410 0
411 54
412 2
413 12
414 50
415 32
416 41
417 3
418 7
419 3
420 54
421 83
422 55
423 177
424 0
425 51
426 46
427 10
428 5
429 130
430 4
431 13
432 694
433 9
434 834
435 237
436 66
437 41
438 13
439 22
440 10
441 0
442 37
443 14
444 41
445 36
446 22
447 87
448 0
449 15
450 63
451 25
452 35
453 63
454 16
455 21
456 6
457 0
458 48
459 11
460 14
461 0
462 77
463 5
464 53
465 15
466 6
467 3
468 52
469 7
470 1
471 6
472 573
473 13
474 8
475 498
476 21
477 27
478 0
479 0
480 7
481 9
482 28
483 0
484 8
485 4
486 0
487 25
488 1
489 17
490 12
491 2
492 16
493 1
494 3
495 0
496 1
497 2
498 0
499 1
500 0
501 0
502 1
503 0
504 1
505 0
506 0
507 2
508 2
509 0
510 1
511 3
512 0
513 3
514 0
515 0
516 1
517 0
518 0
519 0
520 16
521 5
522 5
523 1
524 4
525 3
526 8
527 5
528 3
529 0
530 1
531 1
532 1
533 0
534 1
535 0
536 2
537 1
538 0
539 3
540 4
541 2
542 0
543 3
544 2
545 4
546 6
547 9
548 3
549 2
550 0
551 0
552 2
553 2
554 2
555 1
556 1
557 6
558 1
559 0
560 0
561 2
562 3
563 6
564 1
565 0
566 7
567 0
568 11
569 2
570 16
571 1
572 0
573 0
574 0
575 0
576 0
577 2
578 5
579 4
580 10
581 3
582 1
583 0
584 1
585 5
586 4
587 1
588 3
589 3
590 0
591 1
592 1
593 0
594 0
595 10
596 0
597 3
598 1
599 8
600 0
601 1
602 1
603 0
604 0
605 0
606 7
607 5
608 6
609 3
610 0
611 3
612 0
613 0
614 0
615 1
616 0
617 2
618 0
619 2
620 7
621 0
622 1
623 1
624 0
625 2
626 2
627 2
628 6
629 3
630 0
631 0
632 2
633 0
634 0
635 19
636 0
637 2
638 1
639 3
640 1
641 0
642 1
643 0
644 0
645 0
646 8
647 2
648 2
649 0
650 0
651 1
652 1
653 1
654 1
655 0
656 0
657 0
658 5
659 1
660 2
661 0
662 1
663 2
664 1
665 1
666 0
667 1
668 0
669 0
670 4
671 0
672 1
673 0
674 4
675 0
676 1
677 0
678 0
679 0
680 0
681 12
682 2
683 2
684 1
685 4
686 0
687 2
688 3
689 22
690 10
691 11
692 1
693 16
694 2
695 8
696 4
697 23
698 0
699 5
700 3
701 0
702 20
703 0
704 0
705 1
706 459
707 15
708 10
709 4
710 5
711 7
712 8
713 2
714 6
715 10
716 11
717 3
718 503
719 7
720 22
721 1
722 0
723 41
724 9
725 1
726 38
727 0
728 16
729 63
730 28
731 43
732 7
733 1
734 2
735 51
736 89
737 50
738 192
739 0
740 44
741 39
742 6
743 7
744 160
745 2
746 10
747 640
748 16
749 775
750 261
751 57
752 32
753 17
754 25
755 12
756 0
757 40
758 22
759 38
760 30
761 25
762 81
763 0
764 15
765 61
766 18
767 41
768 85
769 13
770 13
771 9
772 0
773 53
774 17
775 6
776 2
777 36
778 5
779 4
780 1
781 6
782 530
783 23
784 9
785 535
786 13
787 23
788 0
789 3
790 15
791 6
792 8
793 6
794 9
795 4
796 11
797 7
798 7
799 1
800 0
801 1
802 8
803 1
804 2
805 0
806 4
807 1
808 0
809 2
810 3
811 12
812 10
813 2
814 5
815 12
816 4
817 12
818 3
819 8
820 0
821 1
822 0
823 5
824 0
825 0
826 0
827 6
828 0
829 1
830 2
831 3
832 6
833 5
834 4
835 4
836 12
837 0
838 16
839 0
840 20
841 3
842 1
843 0
844 2
845 0
846 0
847 3
848 3
849 2
850 9
851 3
852 2
853 1
854 0
855 9
856 7
857 2
858 18
859 6
860 2
861 2
862 3
863 1
864 0
865 21
866 0
867 4
868 3
869 12
870 1
871 0
872 2
873 0
874 0
875 1
876 15
877 7
878 0
879 1
880 9
881 0
882 0
883 0
884 0
885 1
886 3
887 4
888 7
889 13
890 1
891 1
892 2
893 0
894 8
895 8
896 2
897 11
898 1
899 1
900 4
901 2
902 2
903 0
904 18
905 0
906 2
907 0
908 15
909 1
910 0
911 2
912 0
913 2
914 1
915 11
916 5
917 5
918 1
919 1
920 5
921 17
922 19
923 13
924 13
925 0
926 20
927 1
928 3
929 1
930 13
931 10
932 27
933 0
934 9
935 8
936 1
937 14
938 4
939 3
940 0
941 0
942 0
943 5
944 4
945 0
946 1
947 1
948 0
949 0
950 1
951 0
952 4
953 0
954 1
955 0
956 1
957 1
958 1
959 0
960 0
961 2
962 0
963 0
964 13
965 1
966 3
967 1
968 3
969 1
970 5
971 6
972 2
973 0
974 0
975 0
976 3
977 0
978 0
979 0
980 2
981 1
982 0
983 1
984 3
985 5
986 2
987 1
988 4
989 5
990 1
991 10
992 4
993 3
994 0
995 0
996 0
997 6
998 2
999 0
1000 0
1001 1
1002 1
1003 0
1004 1
1005 5
1006 1
1007 0
1008 1
1009 0
1010 7
1011 2
1012 14
1013 1
1014 12
1015 2
1016 0
1017 0
1018 1
1019 0
1020 0
1021 4
1022 4
1023 5
1024 10
1025 4
1026 0
1027 0
1028 0
1029 9
1030 4
1031 5
1032 3
1033 1
1034 0
1035 1
1036 0
1037 0
1038 0
1039 12
1040 0
1041 2
1042 1
1043 11
1044 1
1045 1
1046 2
1047 0
1048 0
1049 0
1050 19
1051 5
1052 7
1053 2
1054 5
1055 0
1056 1
1057 0
1058 0
1059 0
1060 0
1061 0
1062 0
1063 0
1064 0
1065 0
1066 3
1067 4
1068 1
1069 4
1070 3
1071 0
1072 1
1073 0
1074 4
1075 3
1076 0
1077 5
1078 1
1079 0
1080 0
1081 0
1082 0
1083 0
1084 8
1085 0
1086 3
1087 1
1088 6
1089 1
1090 0
1091 0
1092 0
1093 0
1094 0
1095 7
1096 0
1097 6
1098 2
1099 8
1100 3
1101 2
1102 2
1103 1
1104 0
1105 0
1106 0
1107 0
1108 0
1109 0
1110 0
1111 0
1112 0
1113 6
1114 0
1115 5
1116 0
1117 1
1118 1
1119 0
1120 0
1121 0
1122 0
1123 0
1124 0
1125 3
1126 0
1127 0
1128 0
1129 10
1130 2
1131 2
1132 3
1133 0
1134 0
1135 2
1136 12
1137 4
1138 5
1139 1
1140 1
1141 13
1142 17
1143 8
1144 1
1145 24
1146 3
1147 3
1148 1
1149 7
1150 9
1151 32
1152 0
1153 3
1154 5
1155 1
1156 30
1157 2
1158 15
1159 8
1160 34
1161 0
1162 5
1163 5
1164 0
1165 21
1166 1
1167 4
1168 5
1169 477
1170 19
1171 8
1172 5
1173 6
1174 3
1175 10
1176 4
1177 4
1178 3
1179 10
1180 2
1181 501
1182 9
1183 30
1184 1
1185 0
1186 44
1187 9
1188 0
1189 39
1190 2
1191 18
1192 39
1193 26
1194 43
1195 2
1196 2
1197 5
1198 58
1199 97
1200 58
1201 169
1202 0
1203 56
1204 44
1205 2
1206 2
1207 155
1208 6
1209 9
1210 662
1211 24
1212 797
1213 223
1214 62
1215 52
1216 18
1217 24
1218 10
1219 0
1220 36
1221 19
1222 37
1223 48
1224 25
1225 90
1226 0
1227 21
1228 86
1229 30
1230 52
1231 85
1232 21
1233 27
1234 11
1235 0
1236 46
1237 16
1238 0
1239 42
1240 2
1241 9
1242 49
1243 25
1244 38
1245 5
1246 2
1247 3
1248 51
1249 93
1250 59
1251 192
1252 0
1253 41
1254 58
1255 13
1256 10
1257 141
1258 4
1259 9
1260 652
1261 14
1262 834
1263 215
1264 90
1265 45
1266 10
1267 20
1268 15
1269 1
1270 46
1271 20
1272 32
1273 51
1274 42
1275 115
1276 0
1277 34
1278 128
1279 24
1280 79
1281 70
1282 10
1283 11
1284 7
1285 1
1286 47
1287 17
1288 11
1289 3
1290 43
1291 3
1292 1
1293 8
1294 522
1295 20
1296 10
1297 553
1298 12
1299 22
1300 0
1301 3
1302 2
1303 6
1304 0
1305 9
1306 1
1307 2
1308 2
1309 3
1310 2
1311 1
1312 3
1313 1
1314 0
1315 0
1316 0
1317 1
1318 0
1319 0
1320 0
1321 0
1322 1
1323 0
1324 0
1325 5
1326 4
1327 0
1328 2
1329 2
1330 2
1331 1
1332 9
1333 1
1334 2
1335 0
1336 1
1337 0
1338 3
1339 3
1340 1
1341 2
1342 4
1343 0
1344 0
1345 0
1346 2
1347 4
1348 1
1349 2
1350 2
1351 20
1352 3
1353 4
1354 1
1355 19
1356 3
1357 0
1358 0
1359 0
1360 0
1361 0
1362 0
1363 1
1364 3
1365 1
1366 0
1367 1
1368 0
1369 0
1370 0
1371 0
1372 1
1373 0
1374 0
1375 0
1376 3
1377 0
1378 1
1379 0
1380 0
1381 0
1382 0
1383 0
1384 0
1385 3
1386 0
1387 0
1388 3
1389 1
1390 1
1391 3
1392 0
1393 2
1394 0
1395 1
1396 2
1397 0
1398 2
1399 1
1400 1
1401 1
1402 1
1403 3
1404 1
1405 0
1406 0
1407 0
1408 1
1409 1
1410 0
1411 0
1412 0
1413 0
1414 0
1415 0
1416 1
1417 0
1418 0
1419 0
1420 0
1421 0
1422 0
1423 1
1424 2
1425 1
1426 0
1427 0
1428 2
1429 0
1430 1
1431 0
1432 0
1433 0
1434 0
1435 0
1436 1
1437 0
1438 2
1439 1
1440 0
1441 0
1442 0
1443 0
1444 2
1445 0
1446 0
1447 0
1448 2
1449 0
1450 0
1451 0
1452 2
1453 1
1454 2
1455 4
1456 0
1457 1
1458 3
1459 1
1460 4
1461 2
1462 0
1463 0
1464 0
1465 0
1466 0
1467 0
1468 0
1469 0
1470 0
1471 0
1472 0
1473 0
1474 0
1475 0
1476 0
1477 0
1478 0
1479 1
1480 0
1481 0
1482 1
1483 2
1484 0
1485 1
1486 0
1487 0
1488 0
1489 1
1490 0
1491 0
1492 4
1493 0
1494 0
1495 1
1496 1
1497 1
1498 0
1499 1
1500 0
1501 0
1502 0
1503 0
1504 0
1505 0
1506 1
1507 0
1508 0
1509 1
1510 0
1511 1
1512 0
1513 0
1514 0
1515 0
1516 0
1517 0
1518 0
1519 0
1520 0
1521 0
1522 0
1523 0
1524 0
1525 0
1526 0
1527 0
1528 0
1529 0
1530 0
1531 0
1532 0
1533 0
1534 0
1535 0
1536 0
1537 0
1538 0
1539 0
1540 0
1541 0
1542 0
1543 1
1544 0
1545 0
1546 0
1547 0
1548 0
1549 0
1550 0
1551 0
1552 0
1553 0
1554 0
1555 0
1556 2
1557 0
1558 0
1559 0
1560 0
1561 1
1562 0
1563 1
1564 0
1565 0
1566 0
1567 0
1568 0
1569 0
1570 0
1571 0
1572 0
1573 0
1574 0
1575 0
1576 0
1577 0
1578 0
1579 0
1580 0
1581 0
1582 0
1583 0
1584 0
1585 0
1586 0
1587 0
1588 0
1589 0
1590 0
1591 0
1592 0
1593 0
1594 0
1595 0
1596 0
1597 0
1598 0
1599 0
1600 0
1601 0
1602 0
1603 0
1604 0
1605 0
1606 0
1607 0
1608 0
1609 0
1610 0
1611 0
1612 0
1613 0
1614 0
1615 0
1616 0
1617 0
1618 0
1619 0
1620 0
1621 0
1622 0
1623 0
1624 0
1625 0
1626 0
1627 0
1628 0
1629 0
1630 0
1631 0
1632 0
1633 0
1634 0
1635 0
1636 0
1637 0
1638 0
1639 0
1640 0
1641 0
1642 0
1643 0
1644 0
1645 0
1646 0
1647 0
1648 0
1649 0
1650 0
1651 0
1652 0
1653 0
1654 0
1655 0
1656 0
1657 0
1658 0
1659 0
1660 0
1661 0
1662 0
1663 0
1664 0
1665 0
1666 0
1667 0
1668 0
1669 0
1670 0
1671 0
1672 0
1673 0
1674 0
1675 0
1676 0
1677 0
1678 0
1679 0
1680 0
1681 0
1682 0
1683 0
1684 0
1685 0
1686 0
1687 0
1688 0
1689 0
1690 0
1691 0
1692 0
1693 0
1694 0
1695 0
1696 0
1697 0
1698 0
1699 0
1700 0
1701 0
1702 0
1703 0
1704 0
1705 0
1706 0
1707 0
1708 0
1709 0
1710 0
1711 0
1712 0
1713 0
1714 0
1715 0
1716 0
1717 0
1718 0
1719 0
1720 0
1721 0
1722 0
1723 0
1724 0
1725 0
1726 0
1727 0
1728 0
1729 0
1730 0
1731 0
1732 0
1733 0
1734 0
1735 0
1736 0
1737 0
1738 0
1739 0
1740 0
1741 0
1742 0
1743 0
1744 0
1745 0
1746 0
1747 0
