(0000) [ 0004
(0001) + -001
(0002) > 0001
(0003) ] 0001
(0004) 0 0000
