(0000) [ 0011
(0001) [ 0010
(0002) [ 0007
(0003) [ 0006
(0004) + -001
(0005) ] 0004
(0006) ] 0003
(0007) [ 0009
(0008) ] 0008
(0009) ] 0002
(0010) ] 0001
(0011) 0 0000
