_ 0000 [0000]
_ 0000 [0000]
_ 0000 [0000]
[ 0007 [0000]
+ 0001 [-006]
+ -001 [0000]
] 0004 [0000]
