> 0001, + 0048
> 0000, [ 0007
> 0000, + -002
> 0002, + 0003
> 0002, + 0003
> 0002, + 0003
> -006, ] -004
> 0001, + 0065
> 0000, . 0001
> 0000, , 0001
> 0001, . 0001
> 0001, + 0065
> 0000, . 0001
> 0000, , 0001
> 0001, . 0001
> 0001, + 0065
> 0000, . 0001
> 0000, , 0001
> 0001, . 0001
> 0001, + 0065
> 0000, . 0001
> 0000, , 0001
> 0000, 0 0000
