> 0000, + 0048
> 0000, [ 0006
> 0000, + -002
> 0001, + 0003
> 0002, + 0003
> 0000, ] 0002
> 0001, . 0001
> 0002, . 0001
> 0002, 0 0000
