(0000) _ 0000 [0000]
(0001) _ 0000 [0000]
(0002) _ 0000 [0000]
(0003) + 0048 [0000]
(0004) * 0001 [0000]
(0005) + -002 [0000]
(0006) + 0003 [0001]
(0007) . 0001 [0001]
(0008) > 0000 [0001]
(0009) 0 0000 [0000]
