(0000) _ 0000 [0000]
(0001) _ 0000 [0000]
(0002) _ 0000 [0000]
