> 0000, + 0011
> 0000, = 0033
> 0000, . 0001
> 0000, 0 0000
