(0000) . 0001 [0000]
(0001) [ 0008 [0001]
(0002) [ 0007 [0002]
(0003) [ 0006 [0003]
(0004) . 0001 [0004]
(0005) ] 0004 [0008]
(0006) ] 0003 [0003]
(0007) ] 0002 [0002]
(0008) . 0001 [0001]
(0009) 0 0000 [0001]
