> 0000, + 0002
> 0000, [ 0023
> 0000, + -001
> 0000, > 0001
> 0000, T 0000
> 0000, > 0001
> 0000, + 0001
> 0000, > 0001
> 0000, + 0001
> 0000, > 0001
> 0000, + 0001
> 0000, > 0001
> 0000, + 0001
> 0000, > 0001
> 0000, + 0001
> 0000, > 0001
> 0000, [ 0019
> 0000, > -001
> 0000, ] 0017
> 0000, + 0072
> 0000, . 0001
> 0000, > -001
> 0000, ] 0002
> 0000, 0 0000
