(0000) > 0000 [0001]
(0001) + 0001 [0000]
(0002) > 0000 [0001]
(0003) + 0001 [0000]
(0004) > 0000 [0001]
(0005) + 0001 [0000]
(0006) > 0000 [0001]
(0007) + 0001 [0000]
(0008) > 0000 [0001]
(0009) + 0001 [0000]
(0010) > 0000 [0001]
(0011) [ 0014 [0000]
(0012) > 0000 [-001]
(0013) ] 0012 [0000]
(0014) . 0001 [0000]
(0015) 0 0000 [0000]
