> 0001, + 0001
> 0002, + 0001
> 0003, + 0001
> 0004, + 0001
> 0005, + 0001
> 0004, [ 0007
> -001, ] 0006
> 0000, . 0001
> 0000, 0 0000
