(0000) _ 0000 [0000]
(0001) _ 0000 [0000]
(0002) _ 0000 [0000]
(0003) + 0036 [0000]
(0004) x 0001 [0000]
(0005) + 0002 [0001]
(0006) . 0001 [0001]
(0007) > 0000 [0001]
