(0000) > 0000, + 0036
(0001) > 0001, + 0004
(0002) > -001, T 0001
(0003) > 0001, t 0002
(0004) > 0001, + -004
(0005) > 0000, . 0001
(0006) > 0000, 0 0000
