(0000) > 0, + 0072
(0001) > 0, . 0001
(0002) > 0, > 0001
(0003) > 0, + 0101
(0004) > 0, . 0001
(0005) > 0, > 0001
(0006) > 0, + 0108
(0007) > 0, . 0001
(0008) > 0, > 0001
(0009) > 0, + 0108
(0010) > 0, . 0001
(0011) > 0, > 0001
(0012) > 0, + 0111
(0013) > 0, . 0001
(0014) > 0, 0 0000
