> 0000, + 0001
> 0000, [ 0008
> 0003, + 0003
> -001, + 0002
> -001, + 0001
> -003, + -002
> 0002, + 0010
> 0000, ] 0002
> 0000, . 0001
> 0000, 0 0000
