(0000) > 0000, > 0010
(0001) > 0000, + 0072
(0002) > 0000, 0 0000
