_ 0000 [0000]
_ 0000 [0000]
_ 0000 [0000]
+ 0072 [0000]
+ 0004 [0001]
~ 0001 [0000]
+ -004 [0001]
. 0001 [0001]
> 0000 [0001]
