> 0000, + 0072
> 0000, M 0001
> 0001, . 0001
> 0000, 0 0000
