> 0001, [ 0004
> 0002, T 0001
> 0003, t 0002
> 0005, ] 0001
> 0004, 0 0000
