_ 0000 [0000]
_ 0000 [0000]
_ 0000 [0000]
+ 0072 [0010]
> 0000 [0010]
~ -006 [0000]
. 0001 [-006]
> 0000 [-006]
