> 0000, + -001
> 0000, > 0001
> 0000, + 0002
> 0000, > 0001
> 0000, + 0003
> 0000, > 0001
> 0000, + 0001
> 0000, > 0001
> 0000, + 0001
> 0000, > 0001
> 0000, + 0003
> 0000, > 0020
> 0000, + 0001
> 0000, > 0001
> 0000, + 0001
> 0000, > 0001
> 0000, + 0002
> 0000, > 0001
> 0000, + 0003
> 0000, > 0001
> 0000, + 0002
> 0000, > 0002
> 0000, + 0003
> 0000, > 0001
> 0000, + 0001
> 0000, > 0033
> 0000, + 0001
> 0000, > 0001
> 0000, + 0001
> 0000, > 0002
> 0000, + 0003
> 0000, > 0002
> 0000, + 0003
> 0000, > 0005
> 0000, + 0003
> 0000, > 0001
> 0000, + 0001
> 0000, > 0009
> 0000, + 0002
> 0000, > 0001
> 0000, + 0003
> 0000, > 0001
> 0000, + 0003
> 0000, > 0001
> 0000, + 0001
> 0000, > 0002
> 0000, + 0003
> 0000, > 0003
> 0000, + 0003
> 0000, > 0001
> 0000, + 0001
> 0000, > 0001
> 0000, + 0002
> 0000, > 0001
> 0000, + 0003
> 0000, > 0003
> 0000, + 0001
> 0000, > 0001
> 0000, + 0001
> 0000, > 0001
> 0000, + 0002
> 0000, > 0001
> 0000, + 0003
> 0000, > 0001
> 0000, + 0001
> 0000, > 0001
> 0000, + 0001
> 0000, > 0002
> 0000, + 0003
> 0000, > 0007
> 0000, + 0001
> 0000, > 0001
> 0000, + 0001
> 0000, > 0003
> 0000, + 0001
> 0000, > 0001
> 0000, + 0001
> 0000, > 0001
> 0000, + 0002
> 0000, > 0001
> 0000, + 0003
> 0000, > 0001
> 0000, + 0003
> 0000, > 0001
> 0000, + 0001
> 0000, > 0002
> 0000, + 0003
> 0000, > 0003
> 0000, + 0003
> 0000, > 0001
> 0000, + 0001
> 0000, > 0001
> 0000, + 0002
> 0000, > 0001
> 0000, + 0003
> 0000, > 0001
> 0000, + 0002
> 0000, > 0002
> 0000, + 0001
> 0000, > 0001
> 0000, + 0001
> 0000, > 0001
> 0000, + 0002
> 0000, > 0001
> 0000, + 0003
> 0000, > 0001
> 0000, + 0001
> 0000, > 0001
> 0000, + 0001
> 0000, > 0002
> 0000, + 0003
> 0000, > 0005
> 0000, + 0003
> 0000, > 0001
> 0000, + 0001
> 0000, > 0005
> 0000, + 0002
> 0000, > 0001
> 0000, + 0003
> 0000, > 0001
> 0000, + 0003
> 0000, > 0001
> 0000, + 0001
> 0000, > 0002
> 0000, + 0003
> 0000, > 0003
> 0000, + 0003
> 0000, > 0001
> 0000, + 0001
> 0000, > 0001
> 0000, + 0003
> 0000, > 0001
> 0000, + 0001
> 0000, > 0002
> 0000, + 0003
> 0000, > 0002
> 0000, + 0003
> 0000, > 0002
> 0000, + 0002
> 0000, [ 0170
> 0000, [ 0155
> 0000, > 0002
> 0000, + 0001
> 0000, [ 0146
> 0000, > 0001
> 0000, ] 0144
> 0000, + 0002
> 0000, > 0001
> 0000, + 0002
> 0000, [ 0152
> 0000, > -001
> 0000, ] 0150
> 0000, > -001
> 0000, + -001
> 0000, ] 0141
> 0000, > 0001
> 0000, + 0001
> 0000, [ 0160
> 0000, > 0001
> 0000, ] 0158
> 0000, > -001
> 0000, + 0001
> 0000, > -001
> 0000, + 0003
> 0000, [ 0167
> 0000, > -001
> 0000, ] 0165
> 0000, > -001
> 0000, + 0001
> 0000, ] 0140
> 0000, > 0001
> 0000, + 0001
> 0000, [ 0175
> 0000, > 0001
> 0000, ] 0173
> 0000, + 0004
> 0000, > 0001
> 0000, + 0002
> 0000, [ 0186
> 0000, T 0001
> -001, t 0016
> 0000, > -001
> 0000, + 0009
> 0000, . 0001
> 0000, > -001
> 0000, ] 0179
> 0000, 0 0000
