_ 0000 [0000]
[ 0004 [0000]
. 0002 [0000]
] 0002 [0000]
[ 0007 [0000]
. 0005 [0000]
] 0005 [0000]
+ 0001 [0000]
> 0000 [0003]
= 0000 [0000]
> 0000 [-001]
= 0000 [0000]
+ 0008 [0000]
[ 0019 [0000]
+ -001 [0000]
+ 0009 [0001]
> 0000 [0001]
> 0000 [-001]
] 0014 [0000]
. 0001 [0001]
+ -004 [0001]
> 0000 [0001]
[ 0028 [0000]
+ -002 [0000]
+ 0003 [-001]
> 0000 [-001]
> 0000 [0001]
] 0023 [0000]
+ -001 [-001]
. 0001 [-001]
+ 0007 [-001]
. 0001 [-001]
> 0000 [-001]
> 0000 [0001]
. 0001 [-001]
+ 0003 [-001]
. 0001 [-001]
> 0000 [-001]
= 0000 [0000]
[ 0125 [0000]
= 0000 [0000]
> 0000 [0001]
= 0000 [0000]
+ 0009 [0000]
[ 0050 [0000]
+ 0005 [-001]
> 0000 [-001]
+ -001 [0001]
> 0000 [0001]
] 0045 [0000]
+ 0001 [-001]
. 0003 [-001]
+ -014 [-001]
. 0001 [-001]
> 0000 [-001]
+ 0010 [0001]
> 0000 [0001]
[ 0063 [0000]
+ 0005 [-001]
> 0000 [-001]
+ -001 [0001]
> 0000 [0001]
] 0058 [0000]
. 0001 [-001]
+ 0003 [-001]
. 0001 [-001]
+ -007 [-001]
. 0001 [-001]
> 0000 [-001]
+ 0009 [0001]
> 0000 [0001]
[ 0077 [0000]
+ -005 [-001]
> 0000 [-001]
+ -001 [0001]
> 0000 [0001]
] 0072 [0000]
. 0001 [-001]
+ -001 [-001]
. 0001 [-001]
> 0000 [-001]
+ 0008 [0001]
> 0000 [0001]
[ 0089 [0000]
+ 0007 [-001]
> 0000 [-001]
+ -001 [0001]
> 0000 [0001]
] 0084 [0000]
+ 0002 [-001]
. 0001 [-001]
+ -011 [-001]
. 0001 [-001]
+ -002 [-001]
. 0001 [-001]
+ -011 [-001]
. 0001 [-001]
+ 0007 [-001]
. 0001 [-001]
+ -004 [-001]
. 0001 [-001]
+ 0014 [-001]
. 0001 [-001]
> 0000 [-001]
+ 0010 [0001]
> 0000 [0001]
[ 0112 [0000]
+ -005 [-001]
> 0000 [-001]
+ -001 [0001]
> 0000 [0001]
] 0107 [0000]
. 0002 [-001]
> 0000 [-001]
= 0000 [0000]
+ 0010 [0000]
. 0001 [0000]
= 0000 [0000]
+ 0007 [0000]
[ 0123 [0000]
. 0001 [0000]
, 0001 [0000]
] 0120 [0000]
+ -001 [0000]
] 0040 [0000]
+ -001 [-002]
+ 0008 [-002]
> 0000 [-002]
[ 0134 [0000]
+ 0008 [0001]
> 0000 [0001]
+ -001 [-001]
> 0000 [-001]
] 0129 [0000]
> 0000 [0001]
[ 0141 [0000]
+ 0004 [-001]
> 0000 [-001]
+ -001 [0001]
> 0000 [0001]
] 0136 [0000]
+ 0001 [0000]
> 0000 [-001]
[ 0340 [0000]
+ -001 [0001]
> 0000 [0001]
> 0000 [-001]
[ 0153 [0000]
+ 0004 [0001]
> 0000 [0001]
+ -001 [-001]
> 0000 [-001]
] 0148 [0000]
> 0000 [0001]
[ 0160 [0000]
+ 0008 [-001]
> 0000 [-001]
+ -001 [0001]
> 0000 [0001]
] 0155 [0000]
> 0000 [-001]
[ 0167 [0000]
+ 0008 [0001]
> 0000 [0001]
+ -001 [-001]
> 0000 [-001]
] 0162 [0000]
+ 0001 [0000]
> 0000 [0001]
[ 0228 [0000]
+ 0001 [0002]
> 0000 [0002]
[ 0175 [0000]
> 0000 [-001]
] 0173 [0000]
+ -001 [0001]
> 0000 [0001]
+ 0002 [-001]
> 0000 [-001]
> 0000 [0001]
= 0000 [0000]
+ 0006 [0000]
[ 0188 [0000]
+ 0007 [-001]
> 0000 [-001]
+ -001 [0001]
> 0000 [0001]
] 0183 [0000]
. 0001 [-001]
+ -012 [-001]
. 0001 [-001]
> 0000 [-001]
= 0000 [0000]
> 0000 [-001]
[ 0200 [0000]
+ 0001 [0001]
> 0000 [0001]
> 0000 [-001]
= 0000 [0000]
] 0195 [0000]
+ 0008 [0001]
> 0000 [0001]
> 0000 [0001]
= 0000 [0000]
+ 0010 [0000]
[ 0211 [0000]
+ 0011 [-001]
> 0000 [-001]
+ -001 [0001]
> 0000 [0001]
] 0206 [0000]
. 0001 [-001]
+ -008 [-001]
. 0001 [-001]
+ 0003 [-001]
. 0001 [-001]
+ -006 [-001]
. 0001 [-001]
+ -008 [-001]
. 0001 [-001]
> 0000 [-001]
= 0000 [0000]
> 0000 [-001]
= 0000 [0000]
> 0000 [-001]
= 0000 [0000]
> 0000 [0001]
] 0170 [0000]
> 0000 [-001]
[ 0336 [0000]
+ 0002 [0002]
> 0000 [0002]
> 0000 [0001]
= 0000 [0000]
+ 0005 [0000]
[ 0241 [0000]
+ 0006 [-001]
> 0000 [-001]
+ -001 [0001]
> 0000 [0001]
] 0236 [0000]
. 0001 [-001]
> 0000 [-001]
= 0000 [0000]
+ 0001 [0000]
+ 0004 [0002]
> 0000 [0002]
[ 0265 [0000]
+ -001 [0000]
> 0000 [-002]
[ 0256 [0000]
+ -001 [0000]
+ 0004 [0001]
> 0000 [0001]
> 0000 [-001]
] 0251 [0000]
> 0000 [0001]
[ 0263 [0000]
+ -001 [0000]
+ 0001 [-001]
> 0000 [-001]
> 0000 [0001]
] 0258 [0000]
> 0000 [0001]
] 0248 [0000]
+ 0001 [-001]
> 0000 [-001]
> 0000 [-001]
[ 0295 [0000]
> 0000 [0003]
= 0000 [0000]
+ 0010 [0000]
[ 0278 [0000]
+ 0011 [-001]
> 0000 [-001]
+ -001 [0001]
> 0000 [0001]
] 0273 [0000]
+ 0009 [-001]
. 0001 [-001]
+ -008 [-001]
. 0001 [-001]
+ 0003 [-001]
. 0001 [-001]
+ -006 [-001]
. 0001 [-001]
+ -008 [-001]
. 0001 [-001]
> 0000 [-001]
= 0000 [0000]
> 0000 [-001]
= 0000 [0000]
> 0000 [-001]
= 0000 [0000]
] 0269 [0000]
> 0000 [0001]
[ 0333 [0000]
> 0000 [0002]
= 0000 [0000]
> 0000 [0001]
= 0000 [0000]
+ 0009 [0000]
[ 0308 [0000]
+ 0010 [-001]
> 0000 [-001]
+ -001 [0001]
> 0000 [0001]
] 0303 [0000]
. 0001 [-001]
> 0000 [-001]
+ 0004 [0001]
> 0000 [0001]
[ 0318 [0000]
+ 0005 [-001]
> 0000 [-001]
+ -001 [0001]
> 0000 [0001]
] 0313 [0000]
+ 0001 [-001]
. 0001 [-001]
+ -002 [-001]
. 0001 [-001]
+ -011 [-001]
. 0001 [-001]
+ 0007 [-001]
. 0001 [-001]
+ -004 [-001]
. 0001 [-001]
> 0000 [-001]
= 0000 [0000]
> 0000 [-002]
= 0000 [0000]
] 0297 [0000]
> 0000 [-003]
= 0000 [0000]
] 0230 [0000]
> 0000 [0001]
= 0000 [0000]
> 0000 [-001]
] 0144 [0000]
> 0000 [0001]
[ 0635 [0000]
+ 0005 [0001]
> 0000 [0001]
[ 0350 [0000]
+ 0004 [0001]
> 0000 [0001]
+ -001 [-001]
> 0000 [-001]
] 0345 [0000]
> 0000 [0001]
[ 0357 [0000]
+ 0013 [-001]
> 0000 [-001]
+ -001 [0001]
> 0000 [0001]
] 0352 [0000]
+ -004 [-001]
> 0000 [-001]
[ 0415 [0000]
= 0000 [0000]
> 0000 [0001]
= 0000 [0000]
+ 0005 [0000]
[ 0370 [0000]
+ 0006 [-001]
> 0000 [-001]
+ -001 [0001]
> 0000 [0001]
] 0365 [0000]
+ 0002 [-001]
. 0001 [-001]
> 0000 [-001]
+ 0005 [0001]
> 0000 [0001]
[ 0381 [0000]
+ 0007 [-001]
> 0000 [-001]
+ -001 [0001]
> 0000 [0001]
] 0376 [0000]
. 0001 [-001]
> 0000 [-001]
+ 0006 [0001]
> 0000 [0001]
[ 0391 [0000]
+ 0007 [-001]
> 0000 [-001]
+ -001 [0001]
> 0000 [0001]
] 0386 [0000]
+ 0005 [-001]
. 0001 [-001]
> 0000 [-001]
+ 0004 [0001]
> 0000 [0001]
[ 0402 [0000]
+ -004 [-001]
> 0000 [-001]
+ -001 [0001]
> 0000 [0001]
] 0397 [0000]
+ -001 [-001]
. 0001 [-001]
+ 0002 [-001]
. 0001 [-001]
+ 0008 [-001]
. 0001 [-001]
+ -006 [-001]
. 0001 [-001]
+ -001 [-001]
. 0001 [-001]
> 0000 [-001]
= 0000 [0000]
] 0360 [0000]
+ 0002 [0000]
> 0000 [0001]
= 0000 [0000]
+ 0005 [0000]
[ 0425 [0000]
+ 0006 [-001]
> 0000 [-001]
+ -001 [0001]
> 0000 [0001]
] 0420 [0000]
. 0001 [-001]
> 0000 [-001]
= 0000 [0000]
+ 0002 [0001]
> 0000 [0001]
[ 0436 [0000]
+ 0002 [0001]
> 0000 [0001]
+ -001 [-001]
> 0000 [-001]
] 0431 [0000]
> 0000 [0001]
[ 0460 [0000]
+ 0001 [-002]
> 0000 [-002]
> 0000 [0002]
[ 0459 [0000]
+ -001 [0000]
> 0000 [-002]
[ 0450 [0000]
+ 0004 [0001]
> 0000 [0001]
+ -001 [-001]
> 0000 [-001]
] 0445 [0000]
> 0000 [0001]
[ 0457 [0000]
+ 0004 [-001]
> 0000 [-001]
+ -001 [0001]
> 0000 [0001]
] 0452 [0000]
> 0000 [0001]
] 0442 [0000]
] 0438 [0000]
> 0000 [-002]
[ 0504 [0000]
+ 0004 [0001]
> 0000 [0001]
[ 0470 [0000]
+ -003 [0001]
> 0000 [0001]
+ 0004 [-001]
> 0000 [-001]
] 0465 [0000]
+ 0002 [0001]
. 0001 [0001]
> 0000 [0001]
[ 0479 [0000]
+ 0002 [-001]
> 0000 [-001]
+ 0001 [0001]
> 0000 [0001]
] 0474 [0000]
. 0001 [-001]
> 0000 [-001]
[ 0487 [0000]
+ 0001 [0001]
> 0000 [0001]
+ -006 [-001]
> 0000 [-001]
] 0482 [0000]
. 0001 [0001]
+ 0003 [0001]
. 0001 [0001]
> 0000 [0001]
[ 0497 [0000]
+ -003 [-001]
> 0000 [-001]
+ 0002 [0001]
> 0000 [0001]
] 0492 [0000]
+ -002 [-001]
. 0001 [-001]
> 0000 [-001]
= 0000 [0000]
> 0000 [-001]
= 0000 [0000]
] 0462 [0000]
= 0000 [0000]
> 0000 [0001]
= 0000 [0000]
> 0000 [0001]
= 0000 [0000]
+ 0002 [-001]
> 0000 [-001]
[ 0517 [0000]
+ 0008 [0001]
> 0000 [0001]
+ -001 [-001]
> 0000 [-001]
] 0512 [0000]
> 0000 [0001]
[ 0524 [0000]
+ 0008 [-001]
> 0000 [-001]
+ -001 [0001]
> 0000 [0001]
] 0519 [0000]
> 0000 [-001]
[ 0531 [0000]
+ 0008 [0001]
> 0000 [0001]
+ -001 [-001]
> 0000 [-001]
] 0526 [0000]
> 0000 [0001]
[ 0538 [0000]
+ 0008 [-001]
> 0000 [-001]
+ -001 [0001]
> 0000 [0001]
] 0533 [0000]
> 0000 [-001]
[ 0545 [0000]
+ 0008 [-001]
> 0000 [-001]
+ -001 [0001]
> 0000 [0001]
] 0540 [0000]
> 0000 [-001]
[ 0594 [0000]
= 0000 [0000]
> 0000 [0001]
= 0000 [0000]
+ 0009 [0000]
[ 0557 [0000]
+ 0010 [-001]
> 0000 [-001]
+ -001 [0001]
> 0000 [0001]
] 0552 [0000]
. 0001 [-001]
> 0000 [-001]
+ 0004 [0001]
> 0000 [0001]
[ 0567 [0000]
+ 0005 [-001]
> 0000 [-001]
+ -001 [0001]
> 0000 [0001]
] 0562 [0000]
+ 0001 [-001]
. 0001 [-001]
+ -002 [-001]
. 0001 [-001]
+ -011 [-001]
. 0001 [-001]
+ 0007 [-001]
. 0001 [-001]
+ -004 [-001]
. 0001 [-001]
> 0000 [-001]
> 0000 [0002]
= 0000 [0000]
+ 0005 [-001]
> 0000 [-001]
[ 0588 [0000]
+ 0006 [0001]
> 0000 [0001]
+ -001 [-001]
> 0000 [-001]
] 0583 [0000]
+ 0002 [0001]
. 0001 [0001]
> 0000 [0001]
> 0000 [-002]
= 0000 [0000]
] 0547 [0000]
= 0000 [0000]
> 0000 [-001]
[ 0602 [0000]
+ 0001 [0001]
> 0000 [0001]
> 0000 [-001]
= 0000 [0000]
] 0597 [0000]
+ 0005 [0001]
> 0000 [0001]
> 0000 [0001]
= 0000 [0000]
+ 0009 [0000]
[ 0613 [0000]
+ 0009 [-001]
> 0000 [-001]
+ -001 [0001]
> 0000 [0001]
] 0608 [0000]
. 0001 [-001]
> 0000 [-001]
+ 0004 [0001]
> 0000 [0001]
[ 0623 [0000]
+ 0006 [-001]
> 0000 [-001]
+ -001 [0001]
> 0000 [0001]
] 0618 [0000]
. 0001 [-001]
+ 0003 [-001]
. 0001 [-001]
+ -006 [-001]
. 0001 [-001]
+ -008 [-001]
. 0001 [-001]
> 0000 [-001]
= 0000 [0000]
> 0000 [-001]
= 0000 [0000]
] 0342 [0000]
+ 0001 [-001]
> 0000 [-001]
[ 0644 [0000]
[ 0641 [0000]
> 0000 [0001]
] 0639 [0000]
+ -001 [-001]
> 0000 [-001]
] 0638 [0000]
> 0000 [0002]
[ 0671 [0000]
> 0000 [-001]
[ 0669 [0000]
[ 0667 [0000]
> 0000 [-001]
[ 0665 [0000]
[ 0663 [0000]
> 0000 [-001]
[ 0661 [0000]
[ 0660 [0000]
> 0000 [-001]
[ 0659 [0000]
, 0001 [0000]
] 0657 [0000]
] 0655 [0000]
] 0654 [0000]
> 0000 [-001]
] 0652 [0000]
> 0000 [-001]
] 0651 [0000]
> 0000 [-001]
] 0649 [0000]
> 0000 [-001]
] 0648 [0000]
= 0000 [0000]
] 0646 [0000]
+ 0001 [0000]
+ -001 [0128]
> 0000 [0128]
[ 0679 [0000]
+ 0001 [0000]
+ -001 [-001]
> 0000 [-001]
] 0675 [0000]
+ 0003 [0000]
[ 0686 [0000]
+ -001 [0000]
+ 0006 [0001]
> 0000 [0001]
> 0000 [-001]
] 0681 [0000]
> 0000 [0001]
[ 0693 [0000]
+ -001 [0000]
+ 0007 [-001]
> 0000 [-001]
> 0000 [0001]
] 0688 [0000]
> 0000 [-001]
[ 0706 [0000]
+ -001 [0000]
> 0000 [0002]
[ 0700 [0000]
> 0000 [0001]
] 0698 [0000]
+ 0001 [0000]
[ 0704 [0000]
> 0000 [-001]
] 0702 [0000]
> 0000 [-001]
] 0695 [0000]
> 0000 [0002]
[ 0711 [0000]
+ -001 [0000]
> 0000 [0001]
] 0708 [0000]
+ -002 [-128]
> 0000 [-128]
[ 0719 [0000]
+ 0002 [0128]
> 0000 [0128]
+ 0001 [-128]
> 0000 [-128]
] 0714 [0000]
+ 0001 [0000]
+ -004 [0001]
> 0000 [0001]
[ 0727 [0000]
+ 0004 [0000]
+ -004 [0001]
> 0000 [0001]
] 0723 [0000]
+ -001 [0000]
[ 0733 [0000]
+ 0001 [0000]
+ -001 [-001]
> 0000 [-001]
] 0729 [0000]
+ 0001 [0000]
[ 0737 [0000]
> 0000 [0001]
] 0735 [0000]
+ -001 [-001]
> 0000 [-001]
[ 0745 [0000]
+ -001 [0000]
+ 0004 [-384]
> 0000 [-384]
> 0000 [0384]
] 0740 [0000]
[ 0748 [0000]
. 0002 [0000]
] 0746 [0000]
[ 0816 [0000]
+ 0006 [0001]
> 0000 [0001]
[ 0757 [0000]
+ 0003 [-001]
> 0000 [-001]
+ -001 [0001]
> 0000 [0001]
] 0752 [0000]
+ 0001 [-001]
> 0000 [-001]
[ 0765 [0000]
+ 0009 [0001]
> 0000 [0001]
+ -001 [-001]
> 0000 [-001]
] 0760 [0000]
+ 0001 [0001]
> 0000 [0001]
[ 0810 [0000]
[ 0776 [0000]
+ -001 [0000]
+ 0001 [0001]
> 0000 [0001]
+ 0001 [0001]
> 0000 [0001]
> 0000 [-002]
] 0769 [0000]
> 0000 [0002]
[ 0783 [0000]
+ -001 [0000]
+ 0001 [-002]
> 0000 [-002]
> 0000 [0002]
] 0778 [0000]
> 0000 [-001]
[ 0807 [0000]
> 0000 [-001]
[ 0792 [0000]
+ -001 [0000]
+ 0001 [0002]
> 0000 [0002]
> 0000 [-002]
] 0787 [0000]
+ 0001 [0000]
> 0000 [0001]
[ 0800 [0000]
+ -001 [0000]
+ 0001 [0002]
> 0000 [0002]
> 0000 [-002]
] 0795 [0000]
+ 0001 [0000]
[ 0804 [0000]
> 0000 [0001]
] 0802 [0000]
+ -001 [-001]
> 0000 [-001]
] 0785 [0000]
+ -001 [-001]
> 0000 [-001]
] 0768 [0000]
> 0000 [-001]
[ 0815 [0000]
+ -001 [0000]
> 0000 [-001]
] 0812 [0000]
] 0749 [0000]
+ 0001 [0001]
> 0000 [0001]
[ 0843 [0000]
> 0000 [0001]
[ 0840 [0000]
= 0000 [0000]
+ 0003 [0000]
> 0000 [0001]
= 0000 [0000]
+ 0006 [0000]
+ -001 [0000]
[ 0833 [0000]
+ 0006 [-001]
> 0000 [-001]
+ -001 [0001]
> 0000 [0001]
] 0828 [0000]
. 0001 [-001]
> 0000 [-001]
> 0000 [-001]
= 0000 [0000]
> 0000 [0001]
= 0000 [0000]
] 0821 [0000]
+ 0001 [0000]
> 0000 [-001]
] 0819 [0000]
+ 0008 [-001]
> 0000 [-001]
[ 0856 [0000]
[ 0849 [0000]
> 0000 [0001]
] 0847 [0000]
+ 0001 [0000]
[ 0853 [0000]
> 0000 [-001]
] 0851 [0000]
+ -001 [0001]
> 0000 [0001]
] 0846 [0000]
> 0000 [0001]
[ 0860 [0000]
> 0000 [0001]
] 0858 [0000]
> 0000 [-001]
[ 0865 [0000]
= 0000 [0000]
> 0000 [-001]
] 0862 [0000]
+ 0001 [0000]
[ 0884 [0000]
[ 0870 [0000]
> 0000 [0001]
] 0868 [0000]
+ -001 [-001]
> 0000 [-001]
[ 0875 [0000]
, 0001 [0000]
] 0873 [0000]
+ 0001 [0000]
[ 0879 [0000]
> 0000 [0001]
] 0877 [0000]
+ -001 [-001]
> 0000 [-001]
[ 0883 [0000]
] 0882 [0000]
] 0867 [0000]
= 0000 [0000]
> 0000 [0001]
= 0000 [0000]
> 0000 [0001]
= 0000 [0000]
> 0000 [0001]
= 0000 [0000]
> 0000 [0001]
= 0000 [0000]
> 0000 [0001]
= 0000 [0000]
> 0000 [0001]
= 0000 [0000]
> 0000 [0001]
= 0000 [0000]
+ 0004 [-007]
> 0000 [-007]
[ 0911 [0000]
+ -001 [0000]
+ 0004 [0002]
> 0000 [0002]
+ 0004 [0002]
> 0000 [0002]
+ 0004 [0002]
> 0000 [0002]
> 0000 [-006]
] 0902 [0000]
+ 0014 [0000]
+ 0001 [0004]
> 0000 [0004]
+ 0002 [0002]
> 0000 [0002]
> 0000 [-006]
[ 0999 [0000]
+ -001 [0000]
> 0000 [0002]
[ 0990 [0000]
+ -001 [0000]
+ 0001 [0001]
> 0000 [0001]
> 0000 [0001]
[ 0981 [0000]
+ -001 [0000]
+ 0001 [0001]
> 0000 [0001]
> 0000 [0001]
[ 0972 [0000]
+ -001 [0000]
+ 0001 [0001]
> 0000 [0001]
+ 0001 [0001]
> 0000 [0001]
[ 0941 [0000]
+ 0001 [0003]
> 0000 [0003]
> 0000 [-002]
] 0937 [0000]
> 0000 [0002]
[ 0948 [0000]
+ -001 [0000]
+ 0001 [-002]
> 0000 [-002]
> 0000 [0001]
] 0943 [0000]
+ -001 [-001]
> 0000 [-001]
[ 0970 [0000]
> 0000 [-003]
= 0000 [0000]
> 0000 [-002]
= 0000 [0000]
> 0000 [-002]
= 0000 [0000]
> 0000 [-002]
= 0000 [0000]
> 0000 [0003]
= 0000 [0000]
> 0000 [0002]
= 0000 [0000]
> 0000 [0002]
= 0000 [0000]
+ -001 [0001]
> 0000 [0001]
+ 0001 [0001]
> 0000 [0001]
] 0951 [0000]
> 0000 [-003]
] 0931 [0000]
> 0000 [0001]
[ 0979 [0000]
+ -001 [0000]
+ 0001 [-001]
> 0000 [-001]
> 0000 [0001]
] 0974 [0000]
> 0000 [-003]
] 0926 [0000]
> 0000 [0001]
[ 0988 [0000]
+ -001 [0000]
+ 0001 [-001]
> 0000 [-001]
> 0000 [0001]
] 0983 [0000]
> 0000 [-003]
] 0921 [0000]
> 0000 [0001]
[ 0997 [0000]
+ -001 [0000]
+ 0001 [-001]
> 0000 [-001]
> 0000 [0001]
] 0992 [0000]
> 0000 [-003]
] 0918 [0000]
+ 0001 [0001]
> 0000 [0001]
> 0000 [0001]
[ 1008 [0000]
= 0000 [0000]
+ -001 [-001]
> 0000 [-001]
> 0000 [0001]
] 1003 [0000]
> 0000 [-001]
[ 1020 [0000]
+ -001 [0000]
> 0000 [0007]
[ 1018 [0000]
+ -001 [0000]
+ 0001 [-008]
> 0000 [-008]
> 0000 [0008]
] 1013 [0000]
> 0000 [-007]
] 1010 [0000]
> 0000 [-001]
+ 0001 [0001]
> 0000 [0001]
> 0000 [-001]
[ 1136 [0000]
> 0000 [0001]
= 0000 [0000]
> 0000 [0001]
= 0000 [0000]
+ 0005 [0000]
[ 1036 [0000]
+ 0006 [-001]
> 0000 [-001]
+ -001 [0001]
> 0000 [0001]
] 1031 [0000]
+ 0002 [-001]
. 0001 [-001]
> 0000 [-001]
= 0000 [0000]
> 0000 [-001]
[ 1135 [0000]
[ 1048 [0000]
+ -001 [0000]
+ 0001 [0002]
> 0000 [0002]
> 0000 [-002]
] 1043 [0000]
> 0000 [0002]
[ 1118 [0000]
+ -001 [0000]
+ 0002 [-001]
> 0000 [-001]
> 0000 [0001]
[ 1116 [0000]
+ -001 [0000]
+ 0001 [-001]
> 0000 [-001]
> 0000 [0001]
[ 1115 [0000]
+ -001 [0000]
+ 0001 [-001]
> 0000 [-001]
> 0000 [0001]
[ 1114 [0000]
+ -001 [0000]
+ 0001 [-001]
> 0000 [-001]
> 0000 [0001]
[ 1113 [0000]
+ -001 [0000]
+ 0001 [-001]
> 0000 [-001]
> 0000 [0001]
[ 1112 [0000]
+ -001 [0000]
+ 0001 [-001]
> 0000 [-001]
> 0000 [0001]
[ 1111 [0000]
+ -001 [0000]
+ 0001 [-001]
> 0000 [-001]
> 0000 [0001]
[ 1110 [0000]
+ -001 [0000]
+ 0001 [-001]
> 0000 [-001]
> 0000 [0001]
[ 1109 [0000]
+ -001 [0000]
+ 0001 [-001]
> 0000 [-001]
> 0000 [0001]
[ 1108 [0000]
> 0000 [-001]
= 0000 [0000]
+ 0001 [0000]
+ -001 [0001]
> 0000 [0001]
+ 0001 [0001]
> 0000 [0001]
> 0000 [-001]
[ 1107 [0000]
+ -001 [-001]
> 0000 [-001]
] 1104 [0000]
] 1095 [0000]
] 1090 [0000]
] 1085 [0000]
] 1080 [0000]
] 1075 [0000]
] 1070 [0000]
] 1065 [0000]
] 1060 [0000]
] 1055 [0000]
> 0000 [0001]
] 1050 [0000]
> 0000 [-002]
[ 1134 [0000]
+ 0006 [0001]
> 0000 [0001]
[ 1128 [0000]
+ 0008 [-001]
> 0000 [-001]
+ -001 [0001]
> 0000 [0001]
] 1123 [0000]
+ -001 [-001]
. 0001 [-001]
> 0000 [-001]
= 0000 [0000]
> 0000 [-001]
] 1120 [0000]
] 1042 [0000]
] 1025 [0000]
> 0000 [0001]
[ 1296 [0000]
> 0000 [0001]
= 0000 [0000]
> 0000 [0001]
= 0000 [0000]
+ 0004 [0000]
[ 1149 [0000]
+ 0008 [-001]
> 0000 [-001]
+ -001 [0001]
> 0000 [0001]
] 1144 [0000]
> 0000 [-001]
[ 1156 [0000]
+ 0008 [-001]
> 0000 [-001]
+ -001 [0001]
> 0000 [0001]
] 1151 [0000]
+ 0003 [0001]
> 0000 [0001]
[ 1164 [0000]
+ 0008 [-001]
> 0000 [-001]
+ -001 [0001]
> 0000 [0001]
] 1159 [0000]
+ 0007 [-001]
> 0000 [-001]
[ 1172 [0000]
+ -008 [-001]
> 0000 [-001]
+ -001 [0001]
> 0000 [0001]
] 1167 [0000]
+ -007 [-001]
> 0000 [-001]
+ 0001 [0001]
> 0000 [0001]
> 0000 [-001]
[ 1183 [0000]
= 0000 [0000]
+ -001 [0001]
> 0000 [0001]
> 0000 [-001]
] 1178 [0000]
> 0000 [0001]
[ 1229 [0000]
> 0000 [0001]
= 0000 [0000]
> 0000 [-001]
= 0000 [0000]
+ 0004 [0000]
[ 1196 [0000]
+ -001 [0000]
+ 0008 [0001]
> 0000 [0001]
> 0000 [-001]
] 1191 [0000]
. 0001 [0001]
+ 0006 [0001]
> 0000 [0001]
[ 1205 [0000]
+ -001 [0000]
+ 0002 [-001]
> 0000 [-001]
> 0000 [0001]
] 1200 [0000]
. 0001 [-001]
> 0000 [-001]
[ 1213 [0000]
+ -002 [0000]
+ 0003 [0001]
> 0000 [0001]
> 0000 [-001]
] 1208 [0000]
+ 0002 [0001]
. 0001 [0001]
> 0000 [0001]
+ 0004 [-001]
> 0000 [-001]
[ 1224 [0000]
+ -004 [0001]
> 0000 [0001]
+ -001 [-001]
> 0000 [-001]
] 1219 [0000]
. 0001 [0001]
> 0000 [0001]
= 0000 [0000]
> 0000 [-001]
] 1185 [0000]
> 0000 [-001]
= 0000 [0000]
> 0000 [0001]
= 0000 [0000]
+ 0008 [0000]
[ 1240 [0000]
+ 0008 [-001]
> 0000 [-001]
+ -001 [0001]
> 0000 [0001]
] 1235 [0000]
> 0000 [-001]
[ 1247 [0000]
+ 0004 [0001]
> 0000 [0001]
+ -001 [-001]
> 0000 [-001]
] 1242 [0000]
+ 0001 [0000]
> 0000 [0001]
[ 1255 [0000]
+ -001 [-001]
> 0000 [-001]
> 0000 [0001]
= 0000 [0000]
] 1250 [0000]
> 0000 [-001]
[ 1295 [0000]
> 0000 [0001]
= 0000 [0000]
> 0000 [-001]
= 0000 [0000]
+ 0004 [0000]
[ 1268 [0000]
+ -001 [0000]
+ 0008 [0001]
> 0000 [0001]
> 0000 [-001]
] 1263 [0000]
. 0001 [0001]
+ -003 [0001]
> 0000 [0001]
[ 1277 [0000]
+ -001 [0000]
+ 0003 [-001]
> 0000 [-001]
> 0000 [0001]
] 1272 [0000]
. 0001 [-001]
+ -003 [-001]
. 0001 [-001]
+ -014 [-001]
. 0001 [-001]
> 0000 [-001]
[ 1289 [0000]
+ -002 [0000]
+ 0001 [0001]
> 0000 [0001]
> 0000 [-001]
] 1284 [0000]
+ -002 [0001]
. 0001 [0001]
> 0000 [0001]
= 0000 [0000]
> 0000 [-001]
] 1257 [0000]
] 1138 [0000]
+ 0008 [-001]
> 0000 [-001]
[ 1309 [0000]
[ 1302 [0000]
> 0000 [0001]
] 1300 [0000]
+ 0001 [0000]
[ 1306 [0000]
> 0000 [-001]
] 1304 [0000]
+ -001 [0001]
> 0000 [0001]
] 1299 [0000]
> 0000 [0001]
[ 1313 [0000]
> 0000 [0001]
] 1311 [0000]
> 0000 [-001]
[ 1318 [0000]
= 0000 [0000]
> 0000 [-001]
] 1315 [0000]
= 0000 [0000]
+ 0010 [0000]
. 0001 [0000]
= 0000 [0000]
[ 1326 [0000]
, 0002 [0000]
. 0001 [0000]
] 1323 [0000]
> 0000 [-002]
