> 0000, [ 0003
> 0000, . 0002
> 0000, ] 0001
> 0003, + 0001
> 0000, [ 0059
> 0000, T 0000
> 0002, T 0000
> 0002, + 0002
> 0001, + 0001
> 0001, + 0007
> 0000, T 0002
> -001, t 0004
> 0001, t 0002
> 0000, + 0002
> 0002, + 0001
> 0001, + 0001
> 0001, + 0005
> 0000, T 0002
> 0001, t 0002
> 0002, t 0006
> 0000, + 0001
> 0003, , 0001
> -001, + 0002
> 0000, [ 0058
> 0000, [ 0032
> 0001, [ 0028
> 0000, + -001
> 0002, ] 0026
> -001, [ 0030
> 0002, ] 0029
> -002, + -001
> 0000, ] 0025
> -001, [ 0034
> -001, ] 0033
> -001, + 0001
> 0002, [ 0037
> 0001, ] 0036
> 0001, [ 0057
> -001, + 0001
> 0001, + -001
> 0000, [ 0044
> 0000, T 0001
> -001, t 0001
> 0001, ] 0041
> -001, [ 0056
> 0000, [ 0048
> 0000, T 0000
> -001, ] 0046
> 0000, + 0002
> -001, + -001
> 0000, [ 0055
> -001, + 0009
> 0001, T 0001
> 0000, t -001
> 0003, ] 0051
> 0002, ] 0045
> 0000, ] 0038
> -002, ] 0024
> -001, ] 0005
> -001, [ 0169
> 0000, [ 0062
> -001, ] 0061
> 0001, [ 0075
> 0000, [ 0065
> 0001, ] 0064
> 0002, [ 0067
> 0002, ] 0066
> 0000, + 0001
> 0000, [ 0070
> -002, ] 0069
> -001, [ 0072
> -001, ] 0071
> -001, + 0001
> 0002, + -001
> 0000, ] 0063
> 0001, [ 0077
> 0001, ] 0076
> 0000, + 0001
> 0000, [ 0081
> 0000, + -001
> 0002, ] 0079
> -004, [ 0111
> 0000, [ 0084
> -002, ] 0083
> -001, [ 0086
> -001, ] 0085
> 0000, + 0001
> -002, [ 0104
> 0000, + 0001
> 0001, + 0001
> -002, + -001
> 0000, [ 0101
> 0001, + -002
> 0001, + 0001
> -002, + -001
> 0000, [ 0100
> 0001, + 0001
> -001, T 0001
> 0001, t 0001
> -001, ] 0096
> 0000, ] 0092
> 0001, T 0001
> 0000, t 0001
> 0000, ] 0088
> 0000, + 0002
> 0002, + -002
> 0001, [ 0108
> 0001, ] 0107
> 0002, [ 0110
> 0002, ] 0109
> 0000, ] 0082
> -002, [ 0146
> 0002, + 0001
> -001, [ 0117
> 0000, [ 0116
> -001, ] 0115
> -001, ] 0114
> 0001, [ 0143
> 0000, [ 0120
> -002, ] 0119
> -001, [ 0122
> -001, ] 0121
> 0000, + 0001
> 0000, [ 0140
> 0000, + -001
> -001, + 0001
> 0002, + -001
> 0000, [ 0137
> -002, + 0001
> 0001, + 0002
> 0001, + -001
> 0000, [ 0136
> -001, + -001
> 0001, T 0001
> -001, t 0001
> 0001, ] 0132
> 0000, ] 0128
> -001, T 0001
> 0000, t 0001
> 0000, ] 0124
> 0001, [ 0142
> 0001, ] 0141
> 0001, ] 0118
> 0001, [ 0145
> 0002, ] 0144
> 0002, ] 0112
> -002, [ 0150
> 0002, + 0001
> 0002, + 0001
> 0002, ] 0147
> -002, [ 0153
> 0000, + -001
> 0008, ] 0151
> -002, [ 0156
> 0001, . 0001
> 0007, ] 0154
> -002, [ 0159
> 0001, + -001
> 0005, ] 0157
> -002, [ 0162
> 0001, , 0001
> 0003, ] 0160
> -002, [ 0165
> 0001, + 0001
> 0001, ] 0163
> -002, [ 0168
> 0000, + 0001
> -002, ] 0166
> -001, ] 0060
> 0000, [ 0173
> 0000, , 0001
> 0000, . 0003
> 0000, ] 0170
> 0000, 0 0000
