> 0000, , 0001
> 0000, [ 0006
> 0000, . 0001
> 0000, T 0000
> 0000, , 0001
> 0000, ] -003
> 0000, 0 0000
