(0000) [ 0003 [0000]
(0001) . 0003 [0000]
(0002) ] 0001 [0000]
(0003) + 0013 [0000]
(0004) x 0004 [0000]
(0005) + 0002 [0001]
(0006) + 0005 [0004]
(0007) + 0002 [0005]
(0008) + 0001 [0006]
(0009) + 0006 [0005]
(0010) + -003 [0006]
(0011) + 0015 [0016]
(0012) > 0000 [0016]
(0013) [ 0019 [0000]
(0014) ^ 0009 [0000]
(0015) + 0001 [0000]
(0016) ^ -009 [0000]
(0017) + -001 [0009]
(0018) ] 0014 [0009]
(0019) + 0001 [0000]
(0020) [ 0023 [0000]
(0021) = 0000 [0008]
(0022) ] 0021 [0009]
(0023) ^ -009 [-009]
(0024) = 0000 [-001]
(0025) + 0001 [-001]
(0026) + 0005 [-008]
(0027) > 0000 [-008]
(0028) [ 0032 [0000]
(0029) + -001 [0000]
(0030) ~ 0009 [0000]
(0031) ] 0029 [0009]
(0032) + 0001 [0007]
(0033) + 0001 [0034]
(0034) ^ -009 [0017]
(0035) = 0000 [0020]
(0036) + 0001 [0020]
(0037) > 0000 [0020]
(0038) [ 1615 [0000]
(0039) > 0000 [0006]
(0040) [ 0043 [0000]
(0041) = 0000 [0007]
(0042) ] 0041 [0009]
(0043) ^ -009 [-009]
(0044) = 0000 [-002]
(0045) + 0001 [-002]
(0046) + 0004 [-008]
(0047) > 0000 [-008]
(0048) [ 0052 [0000]
(0049) + -001 [0000]
(0050) ~ 0009 [0000]
(0051) ] 0049 [0009]
(0052) + 0001 [0006]
(0053) + 0007 [0000]
(0054) [ 0058 [0000]
(0055) + -001 [0000]
(0056) ~ 0009 [0000]
(0057) ] 0055 [0009]
(0058) + 0001 [0006]
(0059) ^ -009 [-010]
(0060) > 0000 [-007]
(0061) [ 1451 [0000]
(0062) = 0000 [0000]
(0063) > 0000 [0006]
(0064) [ 0071 [0000]
(0065) ~ -006 [0007]
(0066) x 0003 [0001]
(0067) + 0001 [0001]
(0068) + 0001 [0004]
(0069) + 0001 [0006]
(0070) ] 0065 [0009]
(0071) ^ -009 [-009]
(0072) [ 0079 [0000]
(0073) ~ -007 [0008]
(0074) x 0003 [0001]
(0075) + 0001 [0002]
(0076) + 0001 [0005]
(0077) + 0001 [0007]
(0078) ] 0073 [0009]
(0079) ^ -009 [-009]
(0080) ~ -007 [-002]
(0081) x 0002 [-009]
(0082) + 0001 [0005]
(0083) + 0001 [0007]
(0084) + 0015 [0000]
(0085) [ 0100 [0000]
(0086) ^ 0009 [0000]
(0087) + 0001 [0000]
(0088) = 0000 [0001]
(0089) = 0000 [0002]
(0090) = 0000 [0003]
(0091) = 0000 [0004]
(0092) = 0000 [0005]
(0093) = 0000 [0006]
(0094) = 0000 [0007]
(0095) = 0000 [0008]
(0096) = 0000 [0009]
(0097) ^ -009 [0000]
(0098) + -001 [0009]
(0099) ] 0086 [0009]
(0100) + 0001 [0000]
(0101) [ 0104 [0000]
(0102) + 0001 [0001]
(0103) ] 0102 [0009]
(0104) ^ -009 [-009]
(0105) [ 0130 [0000]
(0106) + -001 [0001]
(0107) ~ -004 [0005]
(0108) > 0000 [0001]
(0109) [ 0123 [0000]
(0110) + -001 [0000]
(0111) + 0001 [0004]
(0112) > 0000 [-001]
(0113) [ 0121 [0000]
(0114) + -001 [0000]
(0115) ~ -002 [0002]
(0116) x 0002 [0000]
(0117) + 0001 [0002]
(0118) + 0001 [0004]
(0119) + 0001 [0000]
(0120) ] 0114 [0009]
(0121) ^ -009 [-008]
(0122) ] 0110 [-008]
(0123) ^ 0009 [0009]
(0124) [ 0127 [0000]
(0125) ~ 0009 [0001]
(0126) ] 0125 [-009]
(0127) ~ 0009 [0001]
(0128) + 0001 [0000]
(0129) ] 0106 [0008]
(0130) > 0000 [-009]
(0131) [ 0146 [0000]
(0132) = 0000 [0001]
(0133) + -001 [0000]
(0134) > 0000 [0004]
(0135) [ 0143 [0000]
(0136) + -001 [0000]
(0137) + 0001 [-004]
(0138) x 0002 [-003]
(0139) + 0001 [-006]
(0140) + -001 [-001]
(0141) ~ 0001 [-004]
(0142) ] 0136 [0000]
(0143) ~ 0003 [-003]
(0144) + 0001 [-004]
(0145) ] 0132 [-013]
(0146) > 0000 [0009]
(0147) [ 0150 [0000]
(0148) + 0001 [0001]
(0149) ] 0148 [0009]
(0150) ^ -009 [-009]
(0151) [ 0176 [0000]
(0152) + -001 [0001]
(0153) ~ -005 [0006]
(0154) > 0000 [0001]
(0155) [ 0169 [0000]
(0156) + -001 [0000]
(0157) + 0001 [0005]
(0158) > 0000 [-001]
(0159) [ 0167 [0000]
(0160) + -001 [0000]
(0161) ~ -003 [0003]
(0162) x 0002 [0000]
(0163) + 0001 [0003]
(0164) + 0001 [0004]
(0165) + 0001 [0000]
(0166) ] 0160 [0009]
(0167) ^ -009 [-008]
(0168) ] 0156 [-008]
(0169) ^ 0009 [0009]
(0170) [ 0173 [0000]
(0171) ~ 0009 [0002]
(0172) ] 0171 [-009]
(0173) ~ 0009 [0002]
(0174) + 0001 [0000]
(0175) ] 0152 [0008]
(0176) > 0000 [-009]
(0177) [ 0192 [0000]
(0178) = 0000 [0001]
(0179) + -001 [0000]
(0180) > 0000 [0004]
(0181) [ 0189 [0000]
(0182) + -001 [0000]
(0183) + 0001 [-004]
(0184) x 0002 [-003]
(0185) + 0001 [-006]
(0186) + -001 [-001]
(0187) ~ 0001 [-004]
(0188) ] 0182 [0000]
(0189) ~ 0003 [-003]
(0190) + 0001 [-004]
(0191) ] 0178 [-013]
(0192) > 0000 [0009]
(0193) [ 0196 [0000]
(0194) ~ -036 [0004]
(0195) ] 0194 [0009]
(0196) ^ -009 [-009]
(0197) + 0015 [0000]
(0198) [ 0204 [0000]
(0199) ^ 0009 [0000]
(0200) + -001 [-009]
(0201) ^ -009 [-018]
(0202) + -001 [-009]
(0203) ] 0199 [-009]
(0204) + 0001 [0000]
(0205) + 0001 [0021]
(0206) ^ -009 [0018]
(0207) > 0000 [0027]
(0208) [ 0252 [0000]
(0209) x 0001 [0003]
(0210) + -001 [-003]
(0211) + 0001 [0003]
(0212) [ 0226 [0000]
(0213) + -001 [0000]
(0214) + -001 [0003]
(0215) ~ -004 [0004]
(0216) [ 0225 [0000]
(0217) + -001 [0000]
(0218) + 0001 [0004]
(0219) ^ -009 [-009]
(0220) = 0000 [-005]
(0221) + 0001 [-005]
(0222) ^ 0009 [0000]
(0223) + 0001 [0001]
(0224) ] 0217 [0000]
(0225) ] 0213 [0000]
(0226) + 0001 [0000]
(0227) x 0001 [0004]
(0228) + -001 [-004]
(0229) + 0001 [0004]
(0230) [ 0245 [0000]
(0231) + -001 [0000]
(0232) + -001 [0004]
(0233) ~ -003 [0003]
(0234) [ 0244 [0000]
(0235) + -001 [0000]
(0236) + 0001 [0003]
(0237) ^ -009 [-009]
(0238) = 0000 [-006]
(0239) + 0001 [-006]
(0240) ^ 0009 [0000]
(0241) = 0000 [0001]
(0242) + 0001 [0001]
(0243) ] 0235 [0000]
(0244) ] 0231 [0000]
(0245) + 0001 [0000]
(0246) > 0000 [0001]
(0247) [ 0251 [0000]
(0248) + -001 [0000]
(0249) ^ 0009 [-001]
(0250) ] 0248 [-009]
(0251) ] 0209 [0008]
(0252) ^ -009 [-009]
(0253) x 0002 [-016]
(0254) + 0001 [0001]
(0255) + -001 [0004]
(0256) + 0026 [-007]
(0257) ~ -004 [-005]
(0258) > 0000 [-009]
(0259) [ 0264 [0000]
(0260) + -001 [0000]
(0261) + 0001 [0004]
(0262) = 0000 [0002]
(0263) ] 0260 [0000]
(0264) > 0000 [0002]
(0265) [ 1260 [0000]
(0266) + 0001 [-007]
(0267) > 0000 [-008]
(0268) [ 0274 [0000]
(0269) + -001 [0000]
(0270) + 0001 [-001]
(0271) + 0001 [0003]
(0272) = 0000 [0001]
(0273) ] 0269 [0001]
(0274) > 0000 [0001]
(0275) [ 0281 [0000]
(0276) + -001 [0000]
(0277) x 0002 [-002]
(0278) + 0001 [0001]
(0279) + -001 [0004]
(0280) ] 0276 [0001]
(0281) > 0000 [0013]
(0282) [ 0287 [0000]
(0283) = 0000 [0002]
(0284) = 0000 [0003]
(0285) = 0000 [0004]
(0286) ] 0283 [0009]
(0287) ^ -009 [-009]
(0288) = 0000 [-006]
(0289) [ 0295 [0000]
(0290) ~ -004 [0005]
(0291) x 0002 [0001]
(0292) + 0001 [0001]
(0293) + 0001 [0004]
(0294) ] 0290 [0009]
(0295) ^ -009 [-009]
(0296) [ 0299 [0000]
(0297) ~ -009 [0002]
(0298) ] 0297 [0009]
(0299) ^ -009 [-009]
(0300) + 0015 [0000]
(0301) [ 0316 [0000]
(0302) ^ 0009 [0000]
(0303) + 0001 [0000]
(0304) = 0000 [0001]
(0305) = 0000 [0002]
(0306) = 0000 [0003]
(0307) = 0000 [0004]
(0308) = 0000 [0005]
(0309) = 0000 [0006]
(0310) = 0000 [0007]
(0311) = 0000 [0008]
(0312) = 0000 [0009]
(0313) ^ -009 [0000]
(0314) + -001 [0009]
(0315) ] 0302 [0009]
(0316) + 0001 [0000]
(0317) [ 0320 [0000]
(0318) + 0001 [0001]
(0319) ] 0318 [0009]
(0320) ^ -009 [-009]
(0321) [ 0346 [0000]
(0322) + -001 [0001]
(0323) ~ -005 [0006]
(0324) > 0000 [0001]
(0325) [ 0339 [0000]
(0326) + -001 [0000]
(0327) + 0001 [0005]
(0328) > 0000 [-001]
(0329) [ 0337 [0000]
(0330) + -001 [0000]
(0331) ~ -002 [0002]
(0332) x 0002 [0000]
(0333) + 0001 [0002]
(0334) + 0001 [0003]
(0335) + 0001 [0000]
(0336) ] 0330 [0009]
(0337) ^ -009 [-008]
(0338) ] 0326 [-008]
(0339) ^ 0009 [0009]
(0340) [ 0343 [0000]
(0341) ~ 0009 [0001]
(0342) ] 0341 [-009]
(0343) ~ 0009 [0001]
(0344) + 0001 [0000]
(0345) ] 0322 [0008]
(0346) > 0000 [-009]
(0347) [ 0362 [0000]
(0348) = 0000 [0001]
(0349) + -001 [0000]
(0350) > 0000 [0003]
(0351) [ 0359 [0000]
(0352) + -001 [0000]
(0353) + 0001 [-003]
(0354) x 0002 [-002]
(0355) + 0001 [-007]
(0356) + -001 [-001]
(0357) ~ 0001 [-003]
(0358) ] 0352 [0000]
(0359) ~ 0002 [-002]
(0360) + 0001 [-003]
(0361) ] 0348 [-012]
(0362) > 0000 [0009]
(0363) [ 0369 [0000]
(0364) ~ -005 [0006]
(0365) x 0002 [0001]
(0366) + 0001 [0001]
(0367) + 0001 [0005]
(0368) ] 0364 [0009]
(0369) ^ -009 [-009]
(0370) [ 0373 [0000]
(0371) + 0001 [0001]
(0372) ] 0371 [0009]
(0373) ^ -009 [-009]
(0374) [ 0399 [0000]
(0375) + -001 [0001]
(0376) ~ -005 [0006]
(0377) > 0000 [0001]
(0378) [ 0392 [0000]
(0379) + -001 [0000]
(0380) + 0001 [0005]
(0381) > 0000 [-001]
(0382) [ 0390 [0000]
(0383) + -001 [0000]
(0384) ~ -002 [0002]
(0385) x 0002 [0000]
(0386) + 0001 [0002]
(0387) + 0001 [0004]
(0388) + 0001 [0000]
(0389) ] 0383 [0009]
(0390) ^ -009 [-008]
(0391) ] 0379 [-008]
(0392) ^ 0009 [0009]
(0393) [ 0396 [0000]
(0394) ~ 0009 [0001]
(0395) ] 0394 [-009]
(0396) ~ 0009 [0001]
(0397) + 0001 [0000]
(0398) ] 0375 [0008]
(0399) > 0000 [-009]
(0400) [ 0415 [0000]
(0401) = 0000 [0001]
(0402) + -001 [0000]
(0403) > 0000 [0004]
(0404) [ 0412 [0000]
(0405) + -001 [0000]
(0406) + 0001 [-004]
(0407) x 0002 [-003]
(0408) + 0001 [-006]
(0409) + -001 [-001]
(0410) ~ 0001 [-004]
(0411) ] 0405 [0000]
(0412) ~ 0003 [-003]
(0413) + 0001 [-004]
(0414) ] 0401 [-013]
(0415) > 0000 [0009]
(0416) [ 0419 [0000]
(0417) ~ -036 [0004]
(0418) ] 0417 [0009]
(0419) ^ -009 [-009]
(0420) [ 0423 [0000]
(0421) ~ -036 [0003]
(0422) ] 0421 [0009]
(0423) ^ -009 [-009]
(0424) + 0015 [0000]
(0425) [ 0431 [0000]
(0426) ^ 0009 [0000]
(0427) + -001 [-009]
(0428) ^ -009 [-018]
(0429) + -001 [-009]
(0430) ] 0426 [-009]
(0431) + 0001 [0000]
(0432) [ 0438 [0000]
(0433) ~ -007 [0008]
(0434) x 0002 [0001]
(0435) + 0001 [0001]
(0436) + 0001 [0007]
(0437) ] 0433 [0009]
(0438) ^ -009 [-009]
(0439) [ 0442 [0000]
(0440) = 0000 [0006]
(0441) ] 0440 [0009]
(0442) ^ -009 [-009]
(0443) + 0001 [-005]
(0444) x 0002 [-004]
(0445) + 0001 [-005]
(0446) + -001 [-001]
(0447) > 0000 [-003]
(0448) [ 0457 [0000]
(0449) + -001 [0000]
(0450) x 0002 [-006]
(0451) + 0002 [0004]
(0452) + 0001 [0005]
(0453) ~ -005 [-001]
(0454) + -001 [-002]
(0455) + 0001 [-001]
(0456) ] 0449 [0000]
(0457) ~ 0001 [-001]
(0458) ~ 0005 [-006]
(0459) = 0000 [0000]
(0460) + 0001 [-006]
(0461) x 0001 [-002]
(0462) + -001 [-004]
(0463) + 0001 [-002]
(0464) > 0000 [-006]
(0465) [ 0598 [0000]
(0466) + -001 [0000]
(0467) + -001 [0004]
(0468) > 0000 [0009]
(0469) [ 0513 [0000]
(0470) x 0001 [0002]
(0471) + -001 [-002]
(0472) + 0001 [0002]
(0473) [ 0487 [0000]
(0474) + -001 [0000]
(0475) + -001 [0002]
(0476) ~ -003 [0003]
(0477) [ 0486 [0000]
(0478) + -001 [0000]
(0479) + 0001 [0003]
(0480) ^ -009 [-009]
(0481) = 0000 [-006]
(0482) + 0001 [-006]
(0483) ^ 0009 [0000]
(0484) + 0001 [0001]
(0485) ] 0478 [0000]
(0486) ] 0474 [0000]
(0487) + 0001 [0000]
(0488) x 0001 [0003]
(0489) + -001 [-003]
(0490) + 0001 [0003]
(0491) [ 0506 [0000]
(0492) + -001 [0000]
(0493) + -001 [0003]
(0494) ~ -002 [0002]
(0495) [ 0505 [0000]
(0496) + -001 [0000]
(0497) + 0001 [0002]
(0498) ^ -009 [-009]
(0499) = 0000 [-005]
(0500) + 0001 [-005]
(0501) ^ 0009 [0000]
(0502) = 0000 [0001]
(0503) + 0001 [0001]
(0504) ] 0496 [0000]
(0505) ] 0492 [0000]
(0506) + 0001 [0000]
(0507) > 0000 [0001]
(0508) [ 0512 [0000]
(0509) + -001 [0000]
(0510) ^ 0009 [-001]
(0511) ] 0509 [-009]
(0512) ] 0470 [0008]
(0513) ^ -009 [-009]
(0514) ~ -004 [-005]
(0515) > 0000 [-009]
(0516) [ 0556 [0000]
(0517) + -001 [0000]
(0518) + 0001 [0004]
(0519) > 0000 [0009]
(0520) [ 0526 [0000]
(0521) + 0001 [0001]
(0522) x 0001 [0003]
(0523) + -001 [-002]
(0524) ~ 0002 [0001]
(0525) ] 0521 [0009]
(0526) + 0001 [-008]
(0527) > 0000 [-009]
(0528) [ 0554 [0000]
(0529) > 0000 [0001]
(0530) [ 0544 [0000]
(0531) + -001 [0000]
(0532) + 0001 [0005]
(0533) > 0000 [0001]
(0534) [ 0540 [0000]
(0535) + -001 [0000]
(0536) + -001 [0004]
(0537) + 0001 [-010]
(0538) ~ 0003 [0001]
(0539) ] 0535 [0000]
(0540) x 0002 [0001]
(0541) + 0001 [-011]
(0542) + -001 [0003]
(0543) ] 0531 [-001]
(0544) > 0000 [0001]
(0545) [ 0552 [0000]
(0546) + -001 [0000]
(0547) + 0001 [0004]
(0548) x 0002 [0001]
(0549) + 0001 [-011]
(0550) + -001 [0003]
(0551) ] 0546 [0000]
(0552) ~ 0003 [0001]
(0553) ] 0529 [-011]
(0554) = 0000 [0004]
(0555) ] 0517 [0000]
(0556) ~ -003 [0003]
(0557) [ 0597 [0000]
(0558) + -001 [0000]
(0559) + 0001 [0003]
(0560) > 0000 [0009]
(0561) [ 0567 [0000]
(0562) + 0001 [0001]
(0563) x 0001 [0002]
(0564) + -001 [-001]
(0565) ~ 0001 [0001]
(0566) ] 0562 [0009]
(0567) + 0001 [-008]
(0568) > 0000 [-009]
(0569) [ 0595 [0000]
(0570) > 0000 [0001]
(0571) [ 0585 [0000]
(0572) + -001 [0000]
(0573) + 0001 [0005]
(0574) > 0000 [0002]
(0575) [ 0581 [0000]
(0576) + -001 [0000]
(0577) + -001 [0003]
(0578) + 0001 [-011]
(0579) ~ 0004 [-001]
(0580) ] 0576 [0000]
(0581) x 0002 [-001]
(0582) + 0001 [-010]
(0583) + -001 [0004]
(0584) ] 0572 [-002]
(0585) > 0000 [0002]
(0586) [ 0593 [0000]
(0587) + -001 [0000]
(0588) + 0001 [0003]
(0589) x 0002 [-001]
(0590) + 0001 [-010]
(0591) + -001 [0004]
(0592) ] 0587 [0000]
(0593) ~ 0004 [-001]
(0594) ] 0570 [-012]
(0595) + 0001 [0006]
(0596) ] 0558 [0000]
(0597) ] 0466 [0000]
(0598) ~ -004 [0004]
(0599) [ 0630 [0000]
(0600) + -001 [0000]
(0601) + 0001 [0004]
(0602) ^ 0009 [0009]
(0603) [ 0629 [0000]
(0604) > 0000 [0001]
(0605) [ 0619 [0000]
(0606) + -001 [0000]
(0607) + 0001 [0005]
(0608) > 0000 [0001]
(0609) [ 0615 [0000]
(0610) + -001 [0000]
(0611) + -001 [0004]
(0612) + 0001 [-010]
(0613) ~ 0003 [0001]
(0614) ] 0610 [0000]
(0615) x 0002 [0001]
(0616) + 0001 [-011]
(0617) + -001 [0003]
(0618) ] 0606 [-001]
(0619) > 0000 [0001]
(0620) [ 0627 [0000]
(0621) + -001 [0000]
(0622) + 0001 [0004]
(0623) x 0002 [0001]
(0624) + 0001 [-011]
(0625) + -001 [0003]
(0626) ] 0621 [0000]
(0627) ~ 0003 [0001]
(0628) ] 0604 [-011]
(0629) ] 0600 [0000]
(0630) = 0000 [0001]
(0631) = 0000 [0003]
(0632) = 0000 [0004]
(0633) > 0000 [0009]
(0634) [ 0638 [0000]
(0635) = 0000 [0002]
(0636) = 0000 [0003]
(0637) ] 0635 [0009]
(0638) ^ -009 [-009]
(0639) [ 0645 [0000]
(0640) ~ -004 [0005]
(0641) x 0002 [0001]
(0642) + 0001 [0001]
(0643) + 0001 [0004]
(0644) ] 0640 [0009]
(0645) ^ -009 [-009]
(0646) + 0015 [0000]
(0647) [ 0662 [0000]
(0648) ^ 0009 [0000]
(0649) + 0001 [0000]
(0650) = 0000 [0001]
(0651) = 0000 [0002]
(0652) = 0000 [0003]
(0653) = 0000 [0004]
(0654) = 0000 [0005]
(0655) = 0000 [0006]
(0656) = 0000 [0007]
(0657) = 0000 [0008]
(0658) = 0000 [0009]
(0659) ^ -009 [0000]
(0660) + -001 [0009]
(0661) ] 0648 [0009]
(0662) + 0001 [0000]
(0663) [ 0666 [0000]
(0664) + 0001 [0001]
(0665) ] 0664 [0009]
(0666) ^ -009 [-009]
(0667) [ 0692 [0000]
(0668) + -001 [0001]
(0669) ~ -004 [0005]
(0670) > 0000 [0001]
(0671) [ 0685 [0000]
(0672) + -001 [0000]
(0673) + 0001 [0004]
(0674) > 0000 [-001]
(0675) [ 0683 [0000]
(0676) + -001 [0000]
(0677) ~ -002 [0002]
(0678) x 0002 [0000]
(0679) + 0001 [0002]
(0680) + 0001 [0003]
(0681) + 0001 [0000]
(0682) ] 0676 [0009]
(0683) ^ -009 [-008]
(0684) ] 0672 [-008]
(0685) ^ 0009 [0009]
(0686) [ 0689 [0000]
(0687) ~ 0009 [0001]
(0688) ] 0687 [-009]
(0689) ~ 0009 [0001]
(0690) + 0001 [0000]
(0691) ] 0668 [0008]
(0692) > 0000 [-009]
(0693) [ 0708 [0000]
(0694) = 0000 [0001]
(0695) + -001 [0000]
(0696) > 0000 [0003]
(0697) [ 0705 [0000]
(0698) + -001 [0000]
(0699) + 0001 [-003]
(0700) x 0002 [-002]
(0701) + 0001 [-007]
(0702) + -001 [-001]
(0703) ~ 0001 [-003]
(0704) ] 0698 [0000]
(0705) ~ 0002 [-002]
(0706) + 0001 [-003]
(0707) ] 0694 [-012]
(0708) > 0000 [0009]
(0709) [ 0712 [0000]
(0710) ~ -036 [0003]
(0711) ] 0710 [0009]
(0712) ^ -009 [-009]
(0713) = 0000 [-004]
(0714) + 0015 [0000]
(0715) [ 0721 [0000]
(0716) ^ 0009 [0000]
(0717) + -001 [-009]
(0718) ^ -009 [-018]
(0719) + -001 [-009]
(0720) ] 0716 [-009]
(0721) + 0001 [0000]
(0722) [ 0766 [0000]
(0723) x 0001 [0003]
(0724) + -001 [-003]
(0725) + 0001 [0003]
(0726) [ 0740 [0000]
(0727) + -001 [0000]
(0728) + -001 [0003]
(0729) ~ -004 [0004]
(0730) [ 0739 [0000]
(0731) + -001 [0000]
(0732) + 0001 [0004]
(0733) ^ -009 [-009]
(0734) = 0000 [-005]
(0735) + 0001 [-005]
(0736) ^ 0009 [0000]
(0737) + 0001 [0001]
(0738) ] 0731 [0000]
(0739) ] 0727 [0000]
(0740) + 0001 [0000]
(0741) x 0001 [0004]
(0742) + -001 [-004]
(0743) + 0001 [0004]
(0744) [ 0759 [0000]
(0745) + -001 [0000]
(0746) + -001 [0004]
(0747) ~ -003 [0003]
(0748) [ 0758 [0000]
(0749) + -001 [0000]
(0750) + 0001 [0003]
(0751) ^ -009 [-009]
(0752) = 0000 [-006]
(0753) + 0001 [-006]
(0754) ^ 0009 [0000]
(0755) = 0000 [0001]
(0756) + 0001 [0001]
(0757) ] 0749 [0000]
(0758) ] 0745 [0000]
(0759) + 0001 [0000]
(0760) > 0000 [0001]
(0761) [ 0765 [0000]
(0762) + -001 [0000]
(0763) ^ 0009 [-001]
(0764) ] 0762 [-009]
(0765) ] 0723 [0008]
(0766) ^ -009 [-009]
(0767) ~ -003 [-006]
(0768) > 0000 [-009]
(0769) [ 0808 [0000]
(0770) + -001 [0000]
(0771) + 0001 [0003]
(0772) > 0000 [0009]
(0773) [ 0779 [0000]
(0774) + 0001 [0001]
(0775) x 0001 [0004]
(0776) + -001 [-003]
(0777) ~ 0003 [0001]
(0778) ] 0774 [0009]
(0779) + 0001 [-008]
(0780) > 0000 [-009]
(0781) [ 0807 [0000]
(0782) > 0000 [0001]
(0783) [ 0797 [0000]
(0784) + -001 [0000]
(0785) + 0001 [0001]
(0786) > 0000 [0002]
(0787) [ 0793 [0000]
(0788) + -001 [0000]
(0789) + -001 [-001]
(0790) + 0001 [-011]
(0791) ~ -002 [0001]
(0792) ] 0788 [0000]
(0793) x 0002 [0001]
(0794) + 0001 [-012]
(0795) + -001 [-002]
(0796) ] 0784 [-002]
(0797) > 0000 [0002]
(0798) [ 0805 [0000]
(0799) + -001 [0000]
(0800) + 0001 [-001]
(0801) x 0002 [0001]
(0802) + 0001 [-012]
(0803) + -001 [-002]
(0804) ] 0799 [0000]
(0805) ~ -002 [0001]
(0806) ] 0782 [-012]
(0807) ] 0770 [0000]
(0808) ~ -004 [0004]
(0809) [ 0849 [0000]
(0810) + -001 [0000]
(0811) + 0001 [0004]
(0812) > 0000 [0009]
(0813) [ 0819 [0000]
(0814) + 0001 [0001]
(0815) x 0001 [0003]
(0816) + -001 [-002]
(0817) ~ 0002 [0001]
(0818) ] 0814 [0009]
(0819) + 0001 [-008]
(0820) > 0000 [-009]
(0821) [ 0847 [0000]
(0822) > 0000 [0001]
(0823) [ 0837 [0000]
(0824) + -001 [0000]
(0825) + 0001 [0001]
(0826) > 0000 [0003]
(0827) [ 0833 [0000]
(0828) + -001 [0000]
(0829) + -001 [-002]
(0830) + 0001 [-012]
(0831) ~ -001 [-001]
(0832) ] 0828 [0000]
(0833) x 0002 [-001]
(0834) + 0001 [-011]
(0835) + -001 [-001]
(0836) ] 0824 [-003]
(0837) > 0000 [0003]
(0838) [ 0845 [0000]
(0839) + -001 [0000]
(0840) + 0001 [-002]
(0841) x 0002 [-001]
(0842) + 0001 [-011]
(0843) + -001 [-001]
(0844) ] 0839 [0000]
(0845) ~ -001 [-001]
(0846) ] 0822 [-013]
(0847) + 0001 [0005]
(0848) ] 0810 [0000]
(0849) > 0000 [0009]
(0850) [ 0855 [0000]
(0851) = 0000 [0003]
(0852) = 0000 [0004]
(0853) = 0000 [0005]
(0854) ] 0851 [0009]
(0855) ^ -009 [-009]
(0856) = 0000 [-006]
(0857) = 0000 [-005]
(0858) [ 0864 [0000]
(0859) ~ -006 [0007]
(0860) x 0002 [0001]
(0861) + 0001 [0002]
(0862) + 0001 [0006]
(0863) ] 0859 [0009]
(0864) ^ -009 [-009]
(0865) + 0001 [-005]
(0866) x 0002 [-004]
(0867) + 0001 [-005]
(0868) + -001 [-001]
(0869) > 0000 [-002]
(0870) [ 0879 [0000]
(0871) + -001 [0000]
(0872) x 0002 [-007]
(0873) + 0002 [0004]
(0874) + 0001 [0005]
(0875) ~ -005 [-002]
(0876) + -001 [-003]
(0877) + 0001 [-002]
(0878) ] 0871 [0000]
(0879) ~ 0002 [-002]
(0880) ~ 0005 [-007]
(0881) + 0001 [-007]
(0882) x 0001 [-003]
(0883) + -001 [-004]
(0884) + 0001 [-003]
(0885) > 0000 [-007]
(0886) [ 1023 [0000]
(0887) + -001 [0000]
(0888) + -001 [0004]
(0889) > 0000 [0009]
(0890) [ 0934 [0000]
(0891) x 0001 [0003]
(0892) + -001 [-003]
(0893) + 0001 [0003]
(0894) [ 0908 [0000]
(0895) + -001 [0000]
(0896) + -001 [0003]
(0897) ~ -002 [0002]
(0898) [ 0907 [0000]
(0899) + -001 [0000]
(0900) + 0001 [0002]
(0901) ^ -009 [-009]
(0902) = 0000 [-005]
(0903) + 0001 [-005]
(0904) ^ 0009 [0000]
(0905) + 0001 [0001]
(0906) ] 0899 [0000]
(0907) ] 0895 [0000]
(0908) + 0001 [0000]
(0909) x 0001 [0002]
(0910) + -001 [-002]
(0911) + 0001 [0002]
(0912) [ 0927 [0000]
(0913) + -001 [0000]
(0914) + -001 [0002]
(0915) ~ -003 [0003]
(0916) [ 0926 [0000]
(0917) + -001 [0000]
(0918) + 0001 [0003]
(0919) ^ -009 [-009]
(0920) = 0000 [-006]
(0921) + 0001 [-006]
(0922) ^ 0009 [0000]
(0923) = 0000 [0001]
(0924) + 0001 [0001]
(0925) ] 0917 [0000]
(0926) ] 0913 [0000]
(0927) + 0001 [0000]
(0928) > 0000 [0001]
(0929) [ 0933 [0000]
(0930) + -001 [0000]
(0931) ^ 0009 [-001]
(0932) ] 0930 [-009]
(0933) ] 0891 [0008]
(0934) ^ -009 [-009]
(0935) ~ -003 [-006]
(0936) > 0000 [-009]
(0937) [ 0981 [0000]
(0938) + -001 [0000]
(0939) + 0001 [0003]
(0940) > 0000 [0009]
(0941) [ 0947 [0000]
(0942) + 0001 [0001]
(0943) x 0001 [0002]
(0944) + -001 [-001]
(0945) ~ 0001 [0001]
(0946) ] 0942 [0009]
(0947) + 0001 [-008]
(0948) > 0000 [-009]
(0949) [ 0975 [0000]
(0950) > 0000 [0001]
(0951) [ 0965 [0000]
(0952) + -001 [0000]
(0953) + 0001 [0004]
(0954) > 0000 [0002]
(0955) [ 0961 [0000]
(0956) + -001 [0000]
(0957) + -001 [0002]
(0958) + 0001 [-011]
(0959) ~ 0003 [-001]
(0960) ] 0956 [0000]
(0961) x 0002 [-001]
(0962) + 0001 [-010]
(0963) + -001 [0003]
(0964) ] 0952 [-002]
(0965) > 0000 [0002]
(0966) [ 0973 [0000]
(0967) + -001 [0000]
(0968) + 0001 [0002]
(0969) x 0002 [-001]
(0970) + 0001 [-010]
(0971) + -001 [0003]
(0972) ] 0967 [0000]
(0973) ~ 0003 [-001]
(0974) ] 0950 [-012]
(0975) = 0000 [0005]
(0976) ~ -007 [0007]
(0977) x 0002 [0000]
(0978) + 0001 [0005]
(0979) + 0001 [0007]
(0980) ] 0938 [0000]
(0981) ~ -004 [0004]
(0982) [ 1021 [0000]
(0983) + -001 [0000]
(0984) + 0001 [0004]
(0985) > 0000 [0009]
(0986) [ 0992 [0000]
(0987) + 0001 [0001]
(0988) x 0001 [0003]
(0989) + -001 [-002]
(0990) ~ 0002 [0001]
(0991) ] 0987 [0009]
(0992) + 0001 [-008]
(0993) > 0000 [-009]
(0994) [ 1020 [0000]
(0995) > 0000 [0001]
(0996) [ 1010 [0000]
(0997) + -001 [0000]
(0998) + 0001 [0004]
(0999) > 0000 [0001]
(1000) [ 1006 [0000]
(1001) + -001 [0000]
(1002) + -001 [0003]
(1003) + 0001 [-010]
(1004) ~ 0002 [0001]
(1005) ] 1001 [0000]
(1006) x 0002 [0001]
(1007) + 0001 [-011]
(1008) + -001 [0002]
(1009) ] 0997 [-001]
(1010) > 0000 [0001]
(1011) [ 1018 [0000]
(1012) + -001 [0000]
(1013) + 0001 [0003]
(1014) x 0002 [0001]
(1015) + 0001 [-011]
(1016) + -001 [0002]
(1017) ] 1012 [0000]
(1018) ~ 0002 [0001]
(1019) ] 0995 [-011]
(1020) ] 0983 [0000]
(1021) = 0000 [0004]
(1022) ] 0887 [0000]
(1023) ~ -004 [0004]
(1024) [ 1060 [0000]
(1025) + -001 [0000]
(1026) + 0001 [0004]
(1027) = 0000 [0005]
(1028) ~ -007 [0007]
(1029) x 0002 [0000]
(1030) + 0001 [0005]
(1031) + 0001 [0007]
(1032) ^ 0009 [0009]
(1033) [ 1059 [0000]
(1034) > 0000 [0001]
(1035) [ 1049 [0000]
(1036) + -001 [0000]
(1037) + 0001 [0004]
(1038) > 0000 [0001]
(1039) [ 1045 [0000]
(1040) + -001 [0000]
(1041) + -001 [0003]
(1042) + 0001 [-010]
(1043) ~ 0002 [0001]
(1044) ] 1040 [0000]
(1045) x 0002 [0001]
(1046) + 0001 [-011]
(1047) + -001 [0002]
(1048) ] 1036 [-001]
(1049) > 0000 [0001]
(1050) [ 1057 [0000]
(1051) + -001 [0000]
(1052) + 0001 [0003]
(1053) x 0002 [0001]
(1054) + 0001 [-011]
(1055) + -001 [0002]
(1056) ] 1051 [0000]
(1057) ~ 0002 [0001]
(1058) ] 1034 [-011]
(1059) ] 1025 [0000]
(1060) > 0000 [0009]
(1061) [ 1065 [0000]
(1062) = 0000 [0002]
(1063) = 0000 [0003]
(1064) ] 1062 [0009]
(1065) ^ -009 [-009]
(1066) = 0000 [-006]
(1067) = 0000 [-005]
(1068) [ 1074 [0000]
(1069) ~ -004 [0005]
(1070) x 0002 [0001]
(1071) + 0001 [0001]
(1072) + 0001 [0004]
(1073) ] 1069 [0009]
(1074) ^ -009 [-009]
(1075) [ 1081 [0000]
(1076) ~ -005 [0006]
(1077) x 0002 [0001]
(1078) + 0001 [0002]
(1079) + 0001 [0005]
(1080) ] 1076 [0009]
(1081) ^ -009 [-009]
(1082) + 0015 [0000]
(1083) [ 1098 [0000]
(1084) ^ 0009 [0000]
(1085) + 0001 [0000]
(1086) = 0000 [0001]
(1087) = 0000 [0002]
(1088) = 0000 [0003]
(1089) = 0000 [0004]
(1090) = 0000 [0005]
(1091) = 0000 [0006]
(1092) = 0000 [0007]
(1093) = 0000 [0008]
(1094) = 0000 [0009]
(1095) ^ -009 [0000]
(1096) + -001 [0009]
(1097) ] 1084 [0009]
(1098) + 0001 [0000]
(1099) [ 1102 [0000]
(1100) + 0001 [0001]
(1101) ] 1100 [0009]
(1102) ^ -009 [-009]
(1103) [ 1128 [0000]
(1104) + -001 [0001]
(1105) ~ -004 [0005]
(1106) > 0000 [0001]
(1107) [ 1121 [0000]
(1108) + -001 [0000]
(1109) + 0001 [0004]
(1110) > 0000 [-001]
(1111) [ 1119 [0000]
(1112) + -001 [0000]
(1113) ~ -002 [0002]
(1114) x 0002 [0000]
(1115) + 0001 [0002]
(1116) + 0001 [0004]
(1117) + 0001 [0000]
(1118) ] 1112 [0009]
(1119) ^ -009 [-008]
(1120) ] 1108 [-008]
(1121) ^ 0009 [0009]
(1122) [ 1125 [0000]
(1123) ~ 0009 [0001]
(1124) ] 1123 [-009]
(1125) ~ 0009 [0001]
(1126) + 0001 [0000]
(1127) ] 1104 [0008]
(1128) > 0000 [-009]
(1129) [ 1144 [0000]
(1130) = 0000 [0001]
(1131) + -001 [0000]
(1132) > 0000 [0004]
(1133) [ 1141 [0000]
(1134) + -001 [0000]
(1135) + 0001 [-004]
(1136) x 0002 [-003]
(1137) + 0001 [-006]
(1138) + -001 [-001]
(1139) ~ 0001 [-004]
(1140) ] 1134 [0000]
(1141) ~ 0003 [-003]
(1142) + 0001 [-004]
(1143) ] 1130 [-013]
(1144) > 0000 [0009]
(1145) [ 1148 [0000]
(1146) + 0001 [0001]
(1147) ] 1146 [0009]
(1148) ^ -009 [-009]
(1149) [ 1174 [0000]
(1150) + -001 [0001]
(1151) ~ -005 [0006]
(1152) > 0000 [0001]
(1153) [ 1167 [0000]
(1154) + -001 [0000]
(1155) + 0001 [0005]
(1156) > 0000 [-001]
(1157) [ 1165 [0000]
(1158) + -001 [0000]
(1159) ~ -003 [0003]
(1160) x 0002 [0000]
(1161) + 0001 [0003]
(1162) + 0001 [0004]
(1163) + 0001 [0000]
(1164) ] 1158 [0009]
(1165) ^ -009 [-008]
(1166) ] 1154 [-008]
(1167) ^ 0009 [0009]
(1168) [ 1171 [0000]
(1169) ~ 0009 [0002]
(1170) ] 1169 [-009]
(1171) ~ 0009 [0002]
(1172) + 0001 [0000]
(1173) ] 1150 [0008]
(1174) > 0000 [-009]
(1175) [ 1190 [0000]
(1176) = 0000 [0001]
(1177) + -001 [0000]
(1178) > 0000 [0004]
(1179) [ 1187 [0000]
(1180) + -001 [0000]
(1181) + 0001 [-004]
(1182) x 0002 [-003]
(1183) + 0001 [-006]
(1184) + -001 [-001]
(1185) ~ 0001 [-004]
(1186) ] 1180 [0000]
(1187) ~ 0003 [-003]
(1188) + 0001 [-004]
(1189) ] 1176 [-013]
(1190) > 0000 [0009]
(1191) [ 1194 [0000]
(1192) ~ -036 [0004]
(1193) ] 1192 [0009]
(1194) ^ -009 [-009]
(1195) + 0015 [0000]
(1196) [ 1202 [0000]
(1197) ^ 0009 [0000]
(1198) + -001 [-009]
(1199) ^ -009 [-018]
(1200) + -001 [-009]
(1201) ] 1197 [-009]
(1202) + 0001 [0000]
(1203) + 0001 [0021]
(1204) ^ -009 [0018]
(1205) > 0000 [0027]
(1206) [ 1250 [0000]
(1207) x 0001 [0003]
(1208) + -001 [-003]
(1209) + 0001 [0003]
(1210) [ 1224 [0000]
(1211) + -001 [0000]
(1212) + -001 [0003]
(1213) ~ -004 [0004]
(1214) [ 1223 [0000]
(1215) + -001 [0000]
(1216) + 0001 [0004]
(1217) ^ -009 [-009]
(1218) = 0000 [-005]
(1219) + 0001 [-005]
(1220) ^ 0009 [0000]
(1221) + 0001 [0001]
(1222) ] 1215 [0000]
(1223) ] 1211 [0000]
(1224) + 0001 [0000]
(1225) x 0001 [0004]
(1226) + -001 [-004]
(1227) + 0001 [0004]
(1228) [ 1243 [0000]
(1229) + -001 [0000]
(1230) + -001 [0004]
(1231) ~ -003 [0003]
(1232) [ 1242 [0000]
(1233) + -001 [0000]
(1234) + 0001 [0003]
(1235) ^ -009 [-009]
(1236) = 0000 [-006]
(1237) + 0001 [-006]
(1238) ^ 0009 [0000]
(1239) = 0000 [0001]
(1240) + 0001 [0001]
(1241) ] 1233 [0000]
(1242) ] 1229 [0000]
(1243) + 0001 [0000]
(1244) > 0000 [0001]
(1245) [ 1249 [0000]
(1246) + -001 [0000]
(1247) ^ 0009 [-001]
(1248) ] 1246 [-009]
(1249) ] 1207 [0008]
(1250) ^ -009 [-009]
(1251) + -001 [-007]
(1252) ~ -004 [-005]
(1253) > 0000 [-009]
(1254) [ 1259 [0000]
(1255) + -001 [0000]
(1256) + 0001 [0004]
(1257) = 0000 [0002]
(1258) ] 1255 [0000]
(1259) ] 0266 [0002]
(1260) + 0001 [-002]
(1261) x 0001 [0002]
(1262) + -001 [-004]
(1263) + 0001 [0002]
(1264) > 0000 [-002]
(1265) [ 1270 [0000]
(1266) + -001 [0000]
(1267) + -001 [0004]
(1268) . 0001 [-002]
(1269) ] 1266 [0000]
(1270) > 0000 [0004]
(1271) [ 1275 [0000]
(1272) + -001 [0000]
(1273) . 0001 [-007]
(1274) ] 1272 [0000]
(1275) = 0000 [-003]
(1276) = 0000 [-002]
(1277) = 0000 [-001]
(1278) = 0000 [0000]
(1279) = 0000 [0001]
(1280) = 0000 [0002]
(1281) > 0000 [0005]
(1282) [ 1290 [0000]
(1283) = 0000 [0001]
(1284) = 0000 [0002]
(1285) = 0000 [0003]
(1286) = 0000 [0004]
(1287) = 0000 [0005]
(1288) = 0000 [0006]
(1289) ] 1283 [0009]
(1290) ^ -009 [-009]
(1291) [ 1294 [0000]
(1292) = 0000 [0005]
(1293) ] 1292 [0009]
(1294) ^ -009 [-009]
(1295) + 0011 [-008]
(1296) > 0000 [-008]
(1297) [ 1301 [0000]
(1298) + -001 [0000]
(1299) ~ 0009 [0000]
(1300) ] 1298 [0009]
(1301) + 0001 [0004]
(1302) + 0001 [0013]
(1303) ^ -009 [-001]
(1304) ~ -007 [0006]
(1305) > 0000 [-001]
(1306) [ 1323 [0000]
(1307) + -001 [0000]
(1308) + 0001 [0007]
(1309) = 0000 [0007]
(1310) ^ 0009 [0009]
(1311) [ 1322 [0000]
(1312) ~ -006 [0007]
(1313) > 0000 [0001]
(1314) [ 1321 [0000]
(1315) + -001 [0000]
(1316) + 0001 [0006]
(1317) ^ -009 [-001]
(1318) = 0000 [0006]
(1319) + 0001 [0006]
(1320) ] 1315 [0009]
(1321) ] 1312 [-010]
(1322) ] 1307 [0000]
(1323) ~ -007 [0007]
(1324) [ 1359 [0000]
(1325) + -001 [0000]
(1326) + 0001 [0007]
(1327) > 0000 [0009]
(1328) [ 1334 [0000]
(1329) + 0001 [0001]
(1330) x 0001 [0005]
(1331) + -001 [-004]
(1332) ~ 0004 [0001]
(1333) ] 1329 [0009]
(1334) + 0001 [-002]
(1335) > 0000 [-009]
(1336) [ 1339 [0000]
(1337) ~ 0002 [0005]
(1338) ] 1337 [-009]
(1339) ^ 0009 [0009]
(1340) [ 1355 [0000]
(1341) = 0000 [0001]
(1342) + -001 [0000]
(1343) > 0000 [0007]
(1344) [ 1352 [0000]
(1345) + -001 [0000]
(1346) + 0001 [-007]
(1347) x 0002 [-006]
(1348) + 0001 [-003]
(1349) + -001 [-001]
(1350) ~ 0001 [-007]
(1351) ] 1345 [0000]
(1352) ~ 0006 [-006]
(1353) + 0001 [-007]
(1354) ] 1341 [-016]
(1355) + -001 [0007]
(1356) = 0000 [0003]
(1357) + 0001 [0003]
(1358) ] 1325 [0000]
(1359) + 0001 [0000]
(1360) x 0001 [0007]
(1361) + -001 [-007]
(1362) + 0001 [0007]
(1363) [ 1450 [0000]
(1364) + -001 [0000]
(1365) + -001 [0007]
(1366) > 0000 [0009]
(1367) [ 1370 [0000]
(1368) ~ 0002 [0005]
(1369) ] 1368 [0009]
(1370) > 0000 [-009]
(1371) [ 1386 [0000]
(1372) = 0000 [0001]
(1373) + -001 [0000]
(1374) > 0000 [0007]
(1375) [ 1383 [0000]
(1376) + -001 [0000]
(1377) + 0001 [-007]
(1378) x 0002 [-006]
(1379) + 0001 [-003]
(1380) + -001 [-001]
(1381) ~ 0001 [-007]
(1382) ] 1376 [0000]
(1383) ~ 0006 [-006]
(1384) + 0001 [-007]
(1385) ] 1372 [-016]
(1386) + 0005 [0001]
(1387) > 0000 [0001]
(1388) [ 1392 [0000]
(1389) + -001 [0000]
(1390) ~ 0009 [0000]
(1391) ] 1389 [0009]
(1392) + 0001 [0004]
(1393) ^ -009 [-001]
(1394) > 0000 [0008]
(1395) [ 1439 [0000]
(1396) x 0001 [0005]
(1397) + -001 [-005]
(1398) + 0001 [0005]
(1399) [ 1413 [0000]
(1400) + -001 [0000]
(1401) + -001 [0005]
(1402) ~ -007 [0007]
(1403) [ 1412 [0000]
(1404) + -001 [0000]
(1405) + 0001 [0007]
(1406) ^ -009 [-009]
(1407) = 0000 [-005]
(1408) + 0001 [-005]
(1409) ^ 0009 [0000]
(1410) + 0001 [0001]
(1411) ] 1404 [0000]
(1412) ] 1400 [0000]
(1413) + 0001 [0000]
(1414) x 0001 [0007]
(1415) + -001 [-007]
(1416) + 0001 [0007]
(1417) [ 1432 [0000]
(1418) + -001 [0000]
(1419) + -001 [0007]
(1420) ~ -005 [0005]
(1421) [ 1431 [0000]
(1422) + -001 [0000]
(1423) + 0001 [0005]
(1424) ^ -009 [-009]
(1425) = 0000 [-006]
(1426) + 0001 [-006]
(1427) ^ 0009 [0000]
(1428) = 0000 [0001]
(1429) + 0001 [0001]
(1430) ] 1422 [0000]
(1431) ] 1418 [0000]
(1432) + 0001 [0000]
(1433) > 0000 [0001]
(1434) [ 1438 [0000]
(1435) + -001 [0000]
(1436) ^ 0009 [-001]
(1437) ] 1435 [-009]
(1438) ] 1396 [0008]
(1439) ^ -009 [-009]
(1440) = 0000 [-005]
(1441) + 0005 [-008]
(1442) > 0000 [-008]
(1443) [ 1447 [0000]
(1444) + -001 [0000]
(1445) ~ 0009 [0000]
(1446) ] 1444 [0009]
(1447) + -001 [0004]
(1448) ^ -009 [-001]
(1449) ] 1364 [-001]
(1450) ] 0062 [0003]
(1451) . 0001 [-004]
(1452) > 0000 [0006]
(1453) [ 1456 [0000]
(1454) = 0000 [0006]
(1455) ] 1454 [0009]
(1456) ^ -009 [-009]
(1457) + 0010 [-008]
(1458) > 0000 [-008]
(1459) [ 1463 [0000]
(1460) + -001 [0000]
(1461) ~ 0009 [0000]
(1462) ] 1460 [0009]
(1463) + 0001 [0005]
(1464) + 0001 [0014]
(1465) ^ -009 [-001]
(1466) ~ -008 [0007]
(1467) > 0000 [-001]
(1468) [ 1485 [0000]
(1469) + -001 [0000]
(1470) + 0001 [0008]
(1471) = 0000 [0008]
(1472) ^ 0009 [0009]
(1473) [ 1484 [0000]
(1474) ~ -007 [0008]
(1475) > 0000 [0001]
(1476) [ 1483 [0000]
(1477) + -001 [0000]
(1478) + 0001 [0007]
(1479) ^ -009 [-001]
(1480) = 0000 [0007]
(1481) + 0001 [0007]
(1482) ] 1477 [0009]
(1483) ] 1474 [-010]
(1484) ] 1469 [0000]
(1485) ~ -008 [0008]
(1486) [ 1521 [0000]
(1487) + -001 [0000]
(1488) + 0001 [0008]
(1489) > 0000 [0009]
(1490) [ 1496 [0000]
(1491) + 0001 [0001]
(1492) x 0001 [0006]
(1493) + -001 [-005]
(1494) ~ 0005 [0001]
(1495) ] 1491 [0009]
(1496) + 0001 [-001]
(1497) > 0000 [-009]
(1498) [ 1501 [0000]
(1499) ~ 0002 [0006]
(1500) ] 1499 [-009]
(1501) ^ 0009 [0009]
(1502) [ 1517 [0000]
(1503) = 0000 [0001]
(1504) + -001 [0000]
(1505) > 0000 [0008]
(1506) [ 1514 [0000]
(1507) + -001 [0000]
(1508) + 0001 [-008]
(1509) x 0002 [-007]
(1510) + 0001 [-002]
(1511) + -001 [-001]
(1512) ~ 0001 [-008]
(1513) ] 1507 [0000]
(1514) ~ 0007 [-007]
(1515) + 0001 [-008]
(1516) ] 1503 [-017]
(1517) + -001 [0008]
(1518) = 0000 [0003]
(1519) + 0001 [0003]
(1520) ] 1487 [0000]
(1521) + 0001 [0000]
(1522) x 0001 [0008]
(1523) + -001 [-008]
(1524) + 0001 [0008]
(1525) [ 1614 [0000]
(1526) + -001 [0000]
(1527) + -001 [0008]
(1528) > 0000 [0009]
(1529) [ 1532 [0000]
(1530) ~ 0002 [0006]
(1531) ] 1530 [0009]
(1532) > 0000 [-009]
(1533) [ 1548 [0000]
(1534) = 0000 [0001]
(1535) + -001 [0000]
(1536) > 0000 [0008]
(1537) [ 1545 [0000]
(1538) + -001 [0000]
(1539) + 0001 [-008]
(1540) x 0002 [-007]
(1541) + 0001 [-002]
(1542) + -001 [-001]
(1543) ~ 0001 [-008]
(1544) ] 1538 [0000]
(1545) ~ 0007 [-007]
(1546) + 0001 [-008]
(1547) ] 1534 [-017]
(1548) + 0005 [0001]
(1549) > 0000 [0001]
(1550) [ 1554 [0000]
(1551) + -001 [0000]
(1552) ~ 0009 [0000]
(1553) ] 1551 [0009]
(1554) + 0001 [0005]
(1555) + 0001 [0032]
(1556) ^ -009 [0026]
(1557) > 0000 [0035]
(1558) [ 1602 [0000]
(1559) x 0001 [0006]
(1560) + -001 [-006]
(1561) + 0001 [0006]
(1562) [ 1576 [0000]
(1563) + -001 [0000]
(1564) + -001 [0006]
(1565) ~ -008 [0008]
(1566) [ 1575 [0000]
(1567) + -001 [0000]
(1568) + 0001 [0008]
(1569) ^ -009 [-009]
(1570) = 0000 [-005]
(1571) + 0001 [-005]
(1572) ^ 0009 [0000]
(1573) + 0001 [0001]
(1574) ] 1567 [0000]
(1575) ] 1563 [0000]
(1576) + 0001 [0000]
(1577) x 0001 [0008]
(1578) + -001 [-008]
(1579) + 0001 [0008]
(1580) [ 1595 [0000]
(1581) + -001 [0000]
(1582) + -001 [0008]
(1583) ~ -006 [0006]
(1584) [ 1594 [0000]
(1585) + -001 [0000]
(1586) + 0001 [0006]
(1587) ^ -009 [-009]
(1588) = 0000 [-006]
(1589) + 0001 [-006]
(1590) ^ 0009 [0000]
(1591) = 0000 [0001]
(1592) + 0001 [0001]
(1593) ] 1585 [0000]
(1594) ] 1581 [0000]
(1595) + 0001 [0000]
(1596) > 0000 [0001]
(1597) [ 1601 [0000]
(1598) + -001 [0000]
(1599) ^ 0009 [-001]
(1600) ] 1598 [-009]
(1601) ] 1559 [0008]
(1602) ^ -009 [-009]
(1603) = 0000 [-005]
(1604) + 0005 [-008]
(1605) > 0000 [-008]
(1606) [ 1610 [0000]
(1607) + -001 [0000]
(1608) ~ 0009 [0000]
(1609) ] 1607 [0009]
(1610) + -001 [0005]
(1611) + -001 [0032]
(1612) ^ -009 [0026]
(1613) ] 1526 [0026]
(1614) ] 0039 [0003]
(1615) 0 0000 [0000]
