_ 0
> 4
+ 1
> 1
+ 3
> 1
+ 3
> 5
+ 3
[ 380
> 1
, 0
+ 1
> 1
+ 4
[ 21
> 1
+ 4
> -1
+ -1
] 16
> 1
[ 38
> -2
[ 31
+ -1
[ 30
+ -1
> 1
] 27
] 25
> 1
[ 35
> -1
] 33
> 1
+ -1
] 23
> -2
[ 353
> 1
+ 1
> 1
+ 1
> 2
+ 1
> 1
+ 1
[ 51
> -4
] 49
> -1
+ 1
> 2
[ 58
+ 1
> -1
] 55
> -1
[ 62
> 1
] 60
> 1
+ 1
[ 76
[ 68
> 3
] 66
> 2
+ 1
[ 73
> -4
] 71
> 1
+ -1
] 65
+ 1
> -1
+ 1
> 3
+ -1
[ 352
> -2
+ 1
[ 87
> 1
] 85
> 2
+ 1
> -3
+ 1
> -1
+ 1
> -1
+ -8
[ 351
> -2
+ -1
> -2
+ 1
[ 103
> 1
] 101
> 1
+ 1
> -2
+ -1
> -2
+ -1
[ 350
> -3
+ 1
> -1
+ -1
[ 117
> 2
] 115
> -1
+ -1
> -1
+ -1
> -3
+ -1
> -1
+ -4
[ 349
> -3
+ -1
> 4
+ 1
> -1
+ -1
[ 348
> -3
+ 1
[ 138
> 1
] 136
> 1
+ 1
> -2
+ 1
> -1
+ -1
> -1
+ -1
[ 347
> -2
+ 1
> -1
+ -1
> -1
+ 1
[ 156
> 2
] 154
> -1
+ 1
> -4
+ 1
> -1
+ -1
[ 346
> -2
+ -1
[ 168
> 1
] 166
> 2
+ -1
> -3
+ -1
> -1
+ -1
> -1
+ -1
[ 345
> -3
+ 1
> -1
+ -1
[ 184
> 2
] 182
> -1
+ 1
> -3
+ 1
> -1
+ 1
> -1
+ -1
[ 344
> -4
+ 1
[ 198
> 1
] 196
> -1
+ -1
> -2
+ -1
[ 343
> -2
+ 1
[ 208
> 1
] 206
> 2
+ -1
> -4
+ -1
> -1
+ -1
[ 342
> 5
+ 1
> -1
+ -1
> -3
+ 1
> -1
+ -1
[ 341
> 2
+ 1
> -2
+ -1
[ 340
> -2
+ -1
> -1
+ -1
[ 236
> 1
] 234
> 1
+ 1
> -2
+ -1
> -1
+ -1
> -1
+ -1
[ 339
> -2
+ 1
> -1
+ 1
[ 252
> 1
] 250
> -1
+ 1
> -1
+ 1
> -1
+ -1
[ 338
> 2
+ -1
> -1
+ -1
> -1
+ -1
[ 337
> -2
+ -1
[ 271
> 1
] 269
> -1
+ 1
> -1
+ 4
[ 281
> -1
+ -8
> 1
+ -1
] 276
+ 2
> -1
[ 336
> -2
+ 1
[ 289
> 1
] 287
> 2
+ -1
> -1
+ -1
> -4
+ -1
[ 335
> -2
+ -1
> -2
+ -1
> 4
+ -1
[ 334
> -4
+ 1
[ 308
> 1
] 306
> 1
+ 1
> -4
+ -1
[ 333
> -2
+ 1
> -2
+ -1
[ 320
> 2
] 318
> -1
+ 1
> -5
+ -1
[ 332
> 4
+ -1
> -3
+ -1
> -1
+ -1
] 325
] 313
] 303
] 296
] 284
] 266
] 259
] 245
] 229
] 224
] 215
] 203
] 193
] 177
] 163
] 147
] 133
] 126
] 110
] 96
] 82
] 40
> 1
[ 378
> 1
[ 372
[ 370
[ 361
> -4
] 359
> 1
+ 1
> 2
[ 367
> 5
] 365
> -1
+ -1
] 358
> -1
] 357
> 3
+ 1
> 7
+ 1
> 1
] 355
> -1
] 10
> -1
= 0
> -7
+ 2
> -1
+ 3
> -1
+ 3
[ 497
[ 392
> 1
] 390
> 6
+ 8
[ 402
> -2
+ 4
> 1
+ 6
> 1
+ -1
] 395
> -1
+ -1
> -2
[ 416
+ -1
[ 415
> -1
+ 1
> 2
. 0
> -1
+ -1
] 408
] 406
> -4
[ 478
+ -1
[ 429
+ -1
[ 427
> 1
+ 1
> -1
+ -1
] 422
> 1
] 420
> 5
[ 436
. 0
[ 435
> 1
] 433
] 431
> -2
[ 443
> -1
+ 1
> 1
+ -1
] 438
> 3
[ 456
> -2
+ 2
[ 453
> -1
+ 1
> 1
+ -2
] 448
> 2
+ -1
] 445
> -2
[ 469
+ -1
> 1
+ 1
> -1
[ 468
> -1
+ 2
> 1
+ -1
] 463
] 458
> -3
[ 476
> -1
+ 1
> 1
+ -1
] 471
> -4
] 418
> 2
+ 1
> 3
+ -2
[ 488
> -1
+ 1
> 1
+ -3
] 483
> -1
. 0
> 2
[ 495
= 0
> -2
] 492
> -1
] 389
[ 505
+ -1
. 0
, 0
. 0
. 0
. 0
] 498
