(0000) , 0001 [0000]
(0001) [ 0501 [0000]
(0002) + 0001 [0001]
(0003) + -001 [0000]
(0004) [ 0497 [0000]
(0005) + 0001 [0001]
(0006) + -001 [0000]
(0007) [ 0496 [0000]
(0008) + 0001 [0001]
(0009) + -001 [0000]
(0010) [ 0495 [0000]
(0011) + 0001 [0001]
(0012) + -001 [0000]
(0013) [ 0494 [0000]
(0014) + 0001 [0001]
(0015) + -001 [0000]
(0016) [ 0493 [0000]
(0017) + 0001 [0001]
(0018) + -001 [0000]
(0019) [ 0492 [0000]
(0020) + 0001 [0001]
(0021) + -001 [0000]
(0022) [ 0491 [0000]
(0023) + 0001 [0001]
(0024) + -001 [0000]
(0025) [ 0490 [0000]
(0026) + 0001 [0001]
(0027) + -001 [0000]
(0028) [ 0489 [0000]
(0029) + 0001 [0001]
(0030) + -001 [0000]
(0031) [ 0488 [0000]
(0032) + 0001 [0001]
(0033) + -001 [0000]
(0034) [ 0487 [0000]
(0035) + 0001 [0001]
(0036) + -001 [0000]
(0037) [ 0486 [0000]
(0038) + 0001 [0001]
(0039) + -001 [0000]
(0040) [ 0485 [0000]
(0041) + 0001 [0001]
(0042) + -001 [0000]
(0043) [ 0484 [0000]
(0044) + 0001 [0001]
(0045) + -001 [0000]
(0046) [ 0483 [0000]
(0047) + 0001 [0001]
(0048) + -001 [0000]
(0049) [ 0482 [0000]
(0050) + 0001 [0001]
(0051) + -001 [0000]
(0052) [ 0481 [0000]
(0053) + 0001 [0001]
(0054) + -001 [0000]
(0055) [ 0480 [0000]
(0056) + 0001 [0001]
(0057) + -001 [0000]
(0058) [ 0479 [0000]
(0059) + 0001 [0001]
(0060) + -001 [0000]
(0061) [ 0478 [0000]
(0062) + 0001 [0001]
(0063) + -001 [0000]
(0064) [ 0477 [0000]
(0065) + 0001 [0001]
(0066) + -001 [0000]
(0067) [ 0476 [0000]
(0068) + 0001 [0001]
(0069) + -001 [0000]
(0070) [ 0475 [0000]
(0071) + 0001 [0001]
(0072) + -001 [0000]
(0073) [ 0474 [0000]
(0074) + 0001 [0001]
(0075) + -001 [0000]
(0076) [ 0473 [0000]
(0077) + 0001 [0001]
(0078) + -001 [0000]
(0079) [ 0472 [0000]
(0080) + 0001 [0001]
(0081) + -001 [0000]
(0082) [ 0471 [0000]
(0083) + 0001 [0001]
(0084) + -001 [0000]
(0085) [ 0470 [0000]
(0086) + 0001 [0001]
(0087) + -001 [0000]
(0088) [ 0469 [0000]
(0089) + 0001 [0001]
(0090) + -001 [0000]
(0091) [ 0468 [0000]
(0092) + 0001 [0001]
(0093) + -001 [0000]
(0094) [ 0467 [0000]
(0095) + 0001 [0001]
(0096) + -001 [0000]
(0097) [ 0466 [0000]
(0098) + 0001 [0001]
(0099) + -001 [0000]
(0100) [ 0465 [0000]
(0101) + 0001 [0001]
(0102) + -001 [0000]
(0103) [ 0464 [0000]
(0104) + 0001 [0001]
(0105) + -001 [0000]
(0106) [ 0463 [0000]
(0107) + 0001 [0001]
(0108) + -001 [0000]
(0109) [ 0462 [0000]
(0110) + 0001 [0001]
(0111) + -001 [0000]
(0112) [ 0461 [0000]
(0113) + 0001 [0001]
(0114) + -001 [0000]
(0115) [ 0460 [0000]
(0116) + 0001 [0001]
(0117) + -001 [0000]
(0118) [ 0459 [0000]
(0119) + 0001 [0001]
(0120) + -001 [0000]
(0121) [ 0458 [0000]
(0122) + 0001 [0001]
(0123) + -001 [0000]
(0124) [ 0457 [0000]
(0125) + 0001 [0001]
(0126) + -001 [0000]
(0127) [ 0456 [0000]
(0128) + 0001 [0001]
(0129) + -001 [0000]
(0130) [ 0455 [0000]
(0131) + 0001 [0001]
(0132) + -001 [0000]
(0133) [ 0454 [0000]
(0134) + 0001 [0001]
(0135) + -001 [0000]
(0136) [ 0453 [0000]
(0137) + 0001 [0001]
(0138) + -001 [0000]
(0139) [ 0452 [0000]
(0140) + 0001 [0001]
(0141) + -001 [0000]
(0142) [ 0451 [0000]
(0143) + 0001 [0001]
(0144) + -001 [0000]
(0145) [ 0450 [0000]
(0146) + 0001 [0001]
(0147) + -001 [0000]
(0148) [ 0449 [0000]
(0149) + 0001 [0001]
(0150) + -001 [0000]
(0151) [ 0448 [0000]
(0152) + 0001 [0001]
(0153) + -001 [0000]
(0154) [ 0447 [0000]
(0155) + 0001 [0001]
(0156) + -001 [0000]
(0157) [ 0446 [0000]
(0158) + 0001 [0001]
(0159) + -001 [0000]
(0160) [ 0445 [0000]
(0161) + 0001 [0001]
(0162) + -001 [0000]
(0163) [ 0444 [0000]
(0164) + 0001 [0001]
(0165) + -001 [0000]
(0166) [ 0443 [0000]
(0167) + 0001 [0001]
(0168) + -001 [0000]
(0169) [ 0442 [0000]
(0170) + 0001 [0001]
(0171) + -001 [0000]
(0172) [ 0441 [0000]
(0173) + 0001 [0001]
(0174) + -001 [0000]
(0175) [ 0440 [0000]
(0176) + 0001 [0001]
(0177) + -001 [0000]
(0178) [ 0439 [0000]
(0179) + 0001 [0001]
(0180) + -001 [0000]
(0181) [ 0438 [0000]
(0182) + 0001 [0001]
(0183) + -001 [0000]
(0184) [ 0437 [0000]
(0185) + 0001 [0001]
(0186) + -001 [0000]
(0187) [ 0436 [0000]
(0188) + 0001 [0001]
(0189) + -001 [0000]
(0190) [ 0435 [0000]
(0191) + 0001 [0001]
(0192) + -001 [0000]
(0193) [ 0434 [0000]
(0194) + 0014 [0001]
(0195) + -001 [0000]
(0196) [ 0433 [0000]
(0197) + 0001 [0001]
(0198) + -001 [0000]
(0199) [ 0432 [0000]
(0200) + 0001 [0001]
(0201) + -001 [0000]
(0202) [ 0431 [0000]
(0203) + 0001 [0001]
(0204) + -001 [0000]
(0205) [ 0430 [0000]
(0206) + 0001 [0001]
(0207) + -001 [0000]
(0208) [ 0429 [0000]
(0209) + 0001 [0001]
(0210) + -001 [0000]
(0211) [ 0428 [0000]
(0212) + 0001 [0001]
(0213) + -001 [0000]
(0214) [ 0427 [0000]
(0215) + 0001 [0001]
(0216) + -001 [0000]
(0217) [ 0426 [0000]
(0218) + 0001 [0001]
(0219) + -001 [0000]
(0220) [ 0425 [0000]
(0221) + 0001 [0001]
(0222) + -001 [0000]
(0223) [ 0424 [0000]
(0224) + 0001 [0001]
(0225) + -001 [0000]
(0226) [ 0423 [0000]
(0227) + 0001 [0001]
(0228) + -001 [0000]
(0229) [ 0422 [0000]
(0230) + 0001 [0001]
(0231) + -001 [0000]
(0232) [ 0421 [0000]
(0233) + 0005 [0002]
(0234) x 0001 [0002]
(0235) + -005 [-001]
(0236) + -001 [0000]
(0237) [ 0420 [0000]
(0238) + 0001 [0001]
(0239) + -001 [0000]
(0240) [ 0419 [0000]
(0241) + 0001 [0001]
(0242) + -001 [0000]
(0243) [ 0418 [0000]
(0244) + 0001 [0001]
(0245) + -001 [0000]
(0246) [ 0417 [0000]
(0247) + 0001 [0001]
(0248) + -001 [0000]
(0249) [ 0416 [0000]
(0250) + 0001 [0001]
(0251) + -001 [0000]
(0252) [ 0415 [0000]
(0253) + 0001 [0001]
(0254) + -001 [0000]
(0255) [ 0414 [0000]
(0256) + 0001 [0001]
(0257) + -001 [0000]
(0258) [ 0413 [0000]
(0259) + 0001 [0001]
(0260) + -001 [0000]
(0261) [ 0412 [0000]
(0262) + 0001 [0001]
(0263) + -001 [0000]
(0264) [ 0411 [0000]
(0265) + 0001 [0001]
(0266) + -001 [0000]
(0267) [ 0410 [0000]
(0268) + 0001 [0001]
(0269) + -001 [0000]
(0270) [ 0409 [0000]
(0271) + 0001 [0001]
(0272) + -001 [0000]
(0273) [ 0408 [0000]
(0274) + 0014 [0001]
(0275) + -001 [0000]
(0276) [ 0407 [0000]
(0277) + 0001 [0001]
(0278) + -001 [0000]
(0279) [ 0406 [0000]
(0280) + 0001 [0001]
(0281) + -001 [0000]
(0282) [ 0405 [0000]
(0283) + 0001 [0001]
(0284) + -001 [0000]
(0285) [ 0404 [0000]
(0286) + 0001 [0001]
(0287) + -001 [0000]
(0288) [ 0403 [0000]
(0289) + 0001 [0001]
(0290) + -001 [0000]
(0291) [ 0402 [0000]
(0292) + 0014 [0001]
(0293) + -001 [0000]
(0294) [ 0401 [0000]
(0295) + 0001 [0001]
(0296) + -001 [0000]
(0297) [ 0400 [0000]
(0298) + 0001 [0001]
(0299) + -001 [0000]
(0300) [ 0399 [0000]
(0301) + 0001 [0001]
(0302) + -001 [0000]
(0303) [ 0398 [0000]
(0304) + 0001 [0001]
(0305) + -001 [0000]
(0306) [ 0397 [0000]
(0307) + 0001 [0001]
(0308) + -001 [0000]
(0309) [ 0396 [0000]
(0310) + 0001 [0001]
(0311) + -001 [0000]
(0312) [ 0395 [0000]
(0313) + 0001 [0001]
(0314) + -001 [0000]
(0315) [ 0394 [0000]
(0316) + 0001 [0001]
(0317) + -001 [0000]
(0318) [ 0393 [0000]
(0319) + 0001 [0001]
(0320) + -001 [0000]
(0321) [ 0392 [0000]
(0322) + 0001 [0001]
(0323) + -001 [0000]
(0324) [ 0391 [0000]
(0325) + 0001 [0001]
(0326) + -001 [0000]
(0327) [ 0390 [0000]
(0328) + 0001 [0001]
(0329) + -001 [0000]
(0330) [ 0389 [0000]
(0331) + 0005 [0002]
(0332) x 0001 [0002]
(0333) + -005 [-001]
(0334) + -001 [0000]
(0335) [ 0388 [0000]
(0336) + 0001 [0001]
(0337) + -001 [0000]
(0338) [ 0387 [0000]
(0339) + 0001 [0001]
(0340) + -001 [0000]
(0341) [ 0386 [0000]
(0342) + 0001 [0001]
(0343) + -001 [0000]
(0344) [ 0385 [0000]
(0345) + 0001 [0001]
(0346) + -001 [0000]
(0347) [ 0384 [0000]
(0348) + 0001 [0001]
(0349) + -001 [0000]
(0350) [ 0383 [0000]
(0351) + 0001 [0001]
(0352) + -001 [0000]
(0353) [ 0382 [0000]
(0354) + 0001 [0001]
(0355) + -001 [0000]
(0356) [ 0381 [0000]
(0357) + 0001 [0001]
(0358) + -001 [0000]
(0359) [ 0380 [0000]
(0360) + 0001 [0001]
(0361) + -001 [0000]
(0362) [ 0379 [0000]
(0363) + 0001 [0001]
(0364) + -001 [0000]
(0365) [ 0378 [0000]
(0366) + 0001 [0001]
(0367) + -001 [0000]
(0368) [ 0377 [0000]
(0369) + 0001 [0001]
(0370) + -001 [0000]
(0371) [ 0376 [0000]
(0372) + 0014 [0001]
(0373) + -001 [0000]
(0374) ~ 0001 [0000]
(0375) ] 0372 [0000]
(0376) ] 0369 [0000]
(0377) ] 0366 [0000]
(0378) ] 0363 [0000]
(0379) ] 0360 [0000]
(0380) ] 0357 [0000]
(0381) ] 0354 [0000]
(0382) ] 0351 [0000]
(0383) ] 0348 [0000]
(0384) ] 0345 [0000]
(0385) ] 0342 [0000]
(0386) ] 0339 [0000]
(0387) ] 0336 [0000]
(0388) ] 0331 [0000]
(0389) ] 0328 [0000]
(0390) ] 0325 [0000]
(0391) ] 0322 [0000]
(0392) ] 0319 [0000]
(0393) ] 0316 [0000]
(0394) ] 0313 [0000]
(0395) ] 0310 [0000]
(0396) ] 0307 [0000]
(0397) ] 0304 [0000]
(0398) ] 0301 [0000]
(0399) ] 0298 [0000]
(0400) ] 0295 [0000]
(0401) ] 0292 [0000]
(0402) ] 0289 [0000]
(0403) ] 0286 [0000]
(0404) ] 0283 [0000]
(0405) ] 0280 [0000]
(0406) ] 0277 [0000]
(0407) ] 0274 [0000]
(0408) ] 0271 [0000]
(0409) ] 0268 [0000]
(0410) ] 0265 [0000]
(0411) ] 0262 [0000]
(0412) ] 0259 [0000]
(0413) ] 0256 [0000]
(0414) ] 0253 [0000]
(0415) ] 0250 [0000]
(0416) ] 0247 [0000]
(0417) ] 0244 [0000]
(0418) ] 0241 [0000]
(0419) ] 0238 [0000]
(0420) ] 0233 [0000]
(0421) ] 0230 [0000]
(0422) ] 0227 [0000]
(0423) ] 0224 [0000]
(0424) ] 0221 [0000]
(0425) ] 0218 [0000]
(0426) ] 0215 [0000]
(0427) ] 0212 [0000]
(0428) ] 0209 [0000]
(0429) ] 0206 [0000]
(0430) ] 0203 [0000]
(0431) ] 0200 [0000]
(0432) ] 0197 [0000]
(0433) ] 0194 [0000]
(0434) ] 0191 [0000]
(0435) ] 0188 [0000]
(0436) ] 0185 [0000]
(0437) ] 0182 [0000]
(0438) ] 0179 [0000]
(0439) ] 0176 [0000]
(0440) ] 0173 [0000]
(0441) ] 0170 [0000]
(0442) ] 0167 [0000]
(0443) ] 0164 [0000]
(0444) ] 0161 [0000]
(0445) ] 0158 [0000]
(0446) ] 0155 [0000]
(0447) ] 0152 [0000]
(0448) ] 0149 [0000]
(0449) ] 0146 [0000]
(0450) ] 0143 [0000]
(0451) ] 0140 [0000]
(0452) ] 0137 [0000]
(0453) ] 0134 [0000]
(0454) ] 0131 [0000]
(0455) ] 0128 [0000]
(0456) ] 0125 [0000]
(0457) ] 0122 [0000]
(0458) ] 0119 [0000]
(0459) ] 0116 [0000]
(0460) ] 0113 [0000]
(0461) ] 0110 [0000]
(0462) ] 0107 [0000]
(0463) ] 0104 [0000]
(0464) ] 0101 [0000]
(0465) ] 0098 [0000]
(0466) ] 0095 [0000]
(0467) ] 0092 [0000]
(0468) ] 0089 [0000]
(0469) ] 0086 [0000]
(0470) ] 0083 [0000]
(0471) ] 0080 [0000]
(0472) ] 0077 [0000]
(0473) ] 0074 [0000]
(0474) ] 0071 [0000]
(0475) ] 0068 [0000]
(0476) ] 0065 [0000]
(0477) ] 0062 [0000]
(0478) ] 0059 [0000]
(0479) ] 0056 [0000]
(0480) ] 0053 [0000]
(0481) ] 0050 [0000]
(0482) ] 0047 [0000]
(0483) ] 0044 [0000]
(0484) ] 0041 [0000]
(0485) ] 0038 [0000]
(0486) ] 0035 [0000]
(0487) ] 0032 [0000]
(0488) ] 0029 [0000]
(0489) ] 0026 [0000]
(0490) ] 0023 [0000]
(0491) ] 0020 [0000]
(0492) ] 0017 [0000]
(0493) ] 0014 [0000]
(0494) ] 0011 [0000]
(0495) ] 0008 [0000]
(0496) ] 0005 [0000]
(0497) . 0001 [0001]
(0498) = 0000 [0001]
(0499) , 0001 [0000]
(0500) ] 0002 [0000]
(0501) [ 0504 [0000]
(0502) . 0002 [0000]
(0503) ] 0502 [0000]
(0504) 0 0000 [0000]
